[html.themeholy.com/webteck/demo/home-software-company.html]
[backblue.gif]
[fade.gif]
[index.html]
[html.themeholy.com/webteck/demo/assets/img/favicons/apple-icon-57x57.png]
[html.themeholy.com/webteck/demo/assets/img/favicons/apple-icon-60x60.png]
[html.themeholy.com/webteck/demo/assets/img/favicons/apple-icon-72x72.png]
[html.themeholy.com/webteck/demo/assets/img/favicons/apple-icon-76x76.png]
[html.themeholy.com/webteck/demo/assets/img/favicons/apple-icon-114x114.png]
[html.themeholy.com/webteck/demo/assets/img/favicons/apple-icon-120x120.png]
[html.themeholy.com/webteck/demo/assets/img/favicons/apple-icon-144x144.png]
[html.themeholy.com/webteck/demo/assets/img/favicons/apple-icon-152x152.png]
[html.themeholy.com/webteck/demo/assets/img/favicons/apple-icon-180x180.png]
[html.themeholy.com/webteck/demo/assets/img/favicons/android-icon-192x192.png]
[html.themeholy.com/webteck/demo/assets/img/favicons/favicon-32x32.png]
[html.themeholy.com/webteck/demo/assets/img/favicons/favicon-96x96.png]
[html.themeholy.com/webteck/demo/assets/img/favicons/favicon-16x16.png]
[html.themeholy.com/webteck/demo/assets/img/favicons/manifest.json]
[html.themeholy.com/webteck/demo/assets/img/favicons/ms-icon-144x144.png]
[html.themeholy.com/webteck/demo/assets/css/bootstrap.min.css]
[html.themeholy.com/webteck/demo/assets/css/fontawesome.min.css]
[html.themeholy.com/webteck/demo/assets/css/magnific-popup.min.css]
[html.themeholy.com/webteck/demo/assets/css/swiper-bundle.min.css]
[html.themeholy.com/webteck/demo/assets/img/product/product_thumb_1_1.jpg]
[html.themeholy.com/webteck/demo/assets/img/product/product_thumb_1_2.jpg]
[html.themeholy.com/webteck/demo/assets/css/style.css]
[html.themeholy.com/webteck/demo/assets/img/product/product_thumb_1_3.jpg]
[html.themeholy.com/webteck/demo/assets/img/product/product_thumb_1_4.jpg]
[html.themeholy.com/webteck/demo/assets/img/product/product_thumb_1_5.jpg]
[html.themeholy.com/webteck/demo/cart.html]
[html.themeholy.com/webteck/demo/checkout.html]
[html.themeholy.com/webteck/demo/index.html]
[html.themeholy.com/webteck/demo/assets/img/logo.svg]
[html.themeholy.com/webteck/demo/home-web-development.html]
[html.themeholy.com/webteck/demo/home-software-company-2.html]
[html.themeholy.com/webteck/demo/home-startup-company.html]
[html.themeholy.com/webteck/demo/home-it-solution.html]
[html.themeholy.com/webteck/demo/home-web-agency.html]
[html.themeholy.com/webteck/demo/home-startup.html]
[html.themeholy.com/webteck/demo/home-game-solution.html]
[html.themeholy.com/webteck/demo/home-sass-marketing.html]
[html.themeholy.com/webteck/demo/home-sass-landing.html]
[html.themeholy.com/webteck/demo/home-sass-landing-2.html]
[html.themeholy.com/webteck/demo/home-app-landing.html]
[html.themeholy.com/webteck/demo/home-ai-technology.html]
[html.themeholy.com/webteck/demo/home-cyber-security.html]
[html.themeholy.com/webteck/demo/home-cyber-security-2.html]
[html.themeholy.com/webteck/demo/home-it-company.html]
[html.themeholy.com/webteck/demo/home-digital-marking.html]
[html.themeholy.com/webteck/demo/home-it-agency.html]
[html.themeholy.com/webteck/demo/home-crm.html]
[html.themeholy.com/webteck/demo/home-it-consulting.html]
[html.themeholy.com/webteck/demo/home-help-desk.html]
[html.themeholy.com/webteck/demo/home-digital-agency-op.html]
[html.themeholy.com/webteck/demo/home-web-development-op.html]
[html.themeholy.com/webteck/demo/home-software-company-op.html]
[html.themeholy.com/webteck/demo/home-software-company-2-op.html]
[html.themeholy.com/webteck/demo/home-startup-company-op.html]
[html.themeholy.com/webteck/demo/home-it-solution-op.html]
[html.themeholy.com/webteck/demo/home-web-agency-op.html]
[html.themeholy.com/webteck/demo/home-startup-op.html]
[html.themeholy.com/webteck/demo/home-game-solution-op.html]
[html.themeholy.com/webteck/demo/home-sass-marketing-op.html]
[html.themeholy.com/webteck/demo/home-sass-landing-op.html]
[html.themeholy.com/webteck/demo/home-sass-landing-2-op.html]
[html.themeholy.com/webteck/demo/home-app-landing-op.html]
[html.themeholy.com/webteck/demo/home-ai-technology-op.html]
[html.themeholy.com/webteck/demo/home-cyber-security-op.html]
[html.themeholy.com/webteck/demo/home-cyber-security-2-op.html]
[html.themeholy.com/webteck/demo/home-it-company-op.html]
[html.themeholy.com/webteck/demo/home-digital-marking-op.html]
[html.themeholy.com/webteck/demo/home-it-agency-op.html]
[html.themeholy.com/webteck/demo/home-crm-op.html]
[html.themeholy.com/webteck/demo/home-it-consulting-op.html]
[html.themeholy.com/webteck/demo/home-help-desk-op.html]
[html.themeholy.com/webteck/demo/about.html]
[html.themeholy.com/webteck/demo/service.html]
[html.themeholy.com/webteck/demo/service-details.html]
[html.themeholy.com/webteck/demo/shop.html]
[html.themeholy.com/webteck/demo/shop-details.html]
[html.themeholy.com/webteck/demo/wishlist.html]
[html.themeholy.com/webteck/demo/team.html]
[html.themeholy.com/webteck/demo/team-details.html]
[html.themeholy.com/webteck/demo/project.html]
[html.themeholy.com/webteck/demo/project-details.html]
[html.themeholy.com/webteck/demo/gallery.html]
[html.themeholy.com/webteck/demo/pricing.html]
[html.themeholy.com/webteck/demo/faq.html]
[html.themeholy.com/webteck/demo/error.html]
[html.themeholy.com/webteck/demo/blog.html]
[html.themeholy.com/webteck/demo/blog-details.html]
[html.themeholy.com/webteck/demo/contact.html]
[html.themeholy.com/webteck/demo/assets/img/hero/hero_img_1_1.png]
[html.themeholy.com/webteck/demo/assets/img/hero/hero_shape_1_1.svg]
[html.themeholy.com/webteck/demo/assets/img/hero/hero_shape_1_2.svg]
[html.themeholy.com/webteck/demo/assets/img/hero/hero_shape_1_3.svg]
[html.themeholy.com/webteck/demo/assets/img/icon/feature_card_1.png]
[html.themeholy.com/webteck/demo/assets/img/icon/feature_card_2.png]
[html.themeholy.com/webteck/demo/assets/img/icon/feature_card_3.png]
[html.themeholy.com/webteck/demo/assets/img/normal/about_4_1.png]
[html.themeholy.com/webteck/demo/assets/img/normal/about_4_2.png]
[html.themeholy.com/webteck/demo/assets/img/normal/about_4_3.png]
[html.themeholy.com/webteck/demo/assets/img/icon/check_1.png]
[html.themeholy.com/webteck/demo/assets/img/icon/counter_2_1.png]
[html.themeholy.com/webteck/demo/assets/img/icon/counter_2_2.png]
[html.themeholy.com/webteck/demo/assets/img/icon/counter_2_3.png]
[html.themeholy.com/webteck/demo/assets/img/icon/counter_2_4.png]
[html.themeholy.com/webteck/demo/assets/img/icon/service_3d_1.png]
[html.themeholy.com/webteck/demo/assets/img/icon/service_3d_2.png]
[html.themeholy.com/webteck/demo/assets/img/icon/service_3d_3.png]
[html.themeholy.com/webteck/demo/assets/img/icon/service_3d_4.png]
[html.themeholy.com/webteck/demo/assets/img/normal/why_3_1.png]
[html.themeholy.com/webteck/demo/assets/img/normal/why_3_2.png]
[html.themeholy.com/webteck/demo/assets/img/normal/why_3_3.png]
[html.themeholy.com/webteck/demo/assets/img/project/project_3_1.jpg]
[html.themeholy.com/webteck/demo/assets/img/bg/project_card_bg.png]
[html.themeholy.com/webteck/demo/assets/img/project/project_3_2.jpg]
[html.themeholy.com/webteck/demo/assets/img/project/project_3_3.jpg]
[html.themeholy.com/webteck/demo/assets/img/project/project_3_4.jpg]
[html.themeholy.com/webteck/demo/assets/img/shape/tech_shape_6.png]
[html.themeholy.com/webteck/demo/assets/img/shape/tech_shape_7.png]
[html.themeholy.com/webteck/demo/assets/img/bg/process_line_2.svg]
[html.themeholy.com/webteck/demo/assets/img/icon/process_box_1.png]
[html.themeholy.com/webteck/demo/assets/img/icon/process_box_2.png]
[html.themeholy.com/webteck/demo/assets/img/icon/process_box_3.png]
[html.themeholy.com/webteck/demo/assets/img/icon/process_box_4.png]
[html.themeholy.com/webteck/demo/assets/img/bg/testi_bg_4.jpg]
[html.themeholy.com/webteck/demo/assets/img/testimonial/testi_4_1.jpg]
[html.themeholy.com/webteck/demo/assets/img/testimonial/testi_4_2.jpg]
[html.themeholy.com/webteck/demo/assets/img/testimonial/testi_4_3.jpg]
[html.themeholy.com/webteck/demo/assets/img/testimonial/testi_4_4.jpg]
[html.themeholy.com/webteck/demo/assets/img/icon/quote_3d.png]
[html.themeholy.com/webteck/demo/assets/img/brand/brand_1_1.png]
[html.themeholy.com/webteck/demo/assets/img/brand/brand_1_2.png]
[html.themeholy.com/webteck/demo/assets/img/brand/brand_1_3.png]
[html.themeholy.com/webteck/demo/assets/img/brand/brand_1_4.png]
[html.themeholy.com/webteck/demo/assets/img/brand/brand_1_5.png]
[html.themeholy.com/webteck/demo/assets/img/brand/brand_1_6.png]
[html.themeholy.com/webteck/demo/assets/img/normal/faq_2_1.png]
[html.themeholy.com/webteck/demo/assets/img/normal/faq_2_2.png]
[html.themeholy.com/webteck/demo/assets/img/normal/faq_2_3.png]
[html.themeholy.com/webteck/demo/assets/img/blog/blog_1_5.jpg]
[html.themeholy.com/webteck/demo/assets/img/blog/author-1-1.png]
[html.themeholy.com/webteck/demo/assets/img/blog/blog_1_6.jpg]
[html.themeholy.com/webteck/demo/assets/img/blog/blog_1_7.jpg]
[html.themeholy.com/webteck/demo/assets/img/blog/blog_1_8.jpg]
[html.themeholy.com/webteck/demo/assets/img/bg/blog_bg_4.png]
[html.themeholy.com/webteck/demo/assets/img/logo-small.svg]
[html.themeholy.com/webteck/demo/assets/img/blog/recent-post-2-1.jpg]
[html.themeholy.com/webteck/demo/assets/img/blog/recent-post-2-2.jpg]
[html.themeholy.com/webteck/demo/assets/img/shape/footer_shape_3.png]
[html.themeholy.com/webteck/demo/assets/img/shape/footer_shape_4.png]
[html.themeholy.com/webteck/demo/assets/img/shape/footer_shape_5.png]
[html.themeholy.com/webteck/demo/assets/img/shape/footer_shape_6.png]
[html.themeholy.com/webteck/demo/assets/js/vendor/jquery-3.7.1.min.js]
[html.themeholy.com/webteck/demo/assets/js/swiper-bundle.min.js]
[html.themeholy.com/webteck/demo/assets/js/bootstrap.min.js]
[html.themeholy.com/webteck/demo/assets/js/jquery.magnific-popup.min.js]
[html.themeholy.com/webteck/demo/assets/js/jquery.counterup.min.js]
[html.themeholy.com/webteck/demo/assets/js/circle-progress.js]
[html.themeholy.com/webteck/demo/assets/js/jquery-ui.min.js]
[html.themeholy.com/webteck/demo/assets/js/imagesloaded.pkgd.min.js]
[html.themeholy.com/webteck/demo/assets/js/isotope.pkgd.min.js]
[html.themeholy.com/webteck/demo/assets/js/tilt.jquery.min.js]
[html.themeholy.com/webteck/demo/assets/js/gsap.min.js]
[html.themeholy.com/webteck/demo/assets/js/ScrollTrigger.min.js]
[html.themeholy.com/webteck/demo/assets/js/smooth-scroll.js]
[html.themeholy.com/webteck/demo/assets/js/particles.min.js]
[html.themeholy.com/webteck/demo/assets/js/particles-config.js]
[html.themeholy.com/webteck/demo/assets/js/main.js]
[html.themeholy.com/webteck/demo/home-software-company.html]
[html.themeholy.com/webteck/demo/assets/css/bootstrap.min.css]
[html.themeholy.com/webteck/demo/assets/fonts/fontawesome/fa-brands-400.woff2]
[html.themeholy.com/webteck/demo/assets/fonts/fontawesome/fa-brands-400.ttf]
[html.themeholy.com/webteck/demo/assets/fonts/fontawesome/fa-duotone-900.woff2]
[html.themeholy.com/webteck/demo/assets/fonts/fontawesome/fa-light-300.woff2]
[html.themeholy.com/webteck/demo/assets/fonts/fontawesome/fa-duotone-900.ttf]
[html.themeholy.com/webteck/demo/assets/fonts/fontawesome/fa-regular-400.woff2]
[html.themeholy.com/webteck/demo/assets/fonts/fontawesome/fa-solid-900.woff2]
[html.themeholy.com/webteck/demo/assets/fonts/fontawesome/fa-regular-400.ttf]
[html.themeholy.com/webteck/demo/assets/fonts/fontawesome/fa-light-300.ttf]
[html.themeholy.com/webteck/demo/assets/fonts/fontawesome/fa-thin-100.woff2]
[html.themeholy.com/webteck/demo/assets/fonts/fontawesome/fa-solid-900.ttf]
[html.themeholy.com/webteck/demo/assets/css/fontawesome.min.css]
[html.themeholy.com/webteck/demo/assets/css/magnific-popup.min.css]
[html.themeholy.com/webteck/demo/assets/css/swiper-bundle.min.css]
[html.themeholy.com/webteck/demo/assets/fonts/fontawesome/fa-thin-100.ttf]
[html.themeholy.com/webteck/demo/assets/img/theme-img/logo_bg.svg]
[html.themeholy.com/webteck/demo/assets/img/shape/testi_shape.png]
[html.themeholy.com/webteck/demo/assets/img/shape/ser-shape2.png]
[html.themeholy.com/webteck/demo/assets/img/shape/ser-shape3.png]
[html.themeholy.com/webteck/demo/assets/img/shape/process-shape.png]
[html.themeholy.com/webteck/demo/assets/css/style.css]
[html.themeholy.com/webteck/demo/assets/img/bg/breadcumb-bg.jpg]
[html.themeholy.com/webteck/demo/assets/img/logo-white.svg]
[html.themeholy.com/webteck/demo/cart.html]
[html.themeholy.com/webteck/demo/checkout.html]
[html.themeholy.com/webteck/demo/assets/img/shape/footer_shape_2.svg]
[html.themeholy.com/webteck/demo/assets/img/hero/hero_img_4_1.png]
[html.themeholy.com/webteck/demo/assets/img/hero/hero_shape_2_2.png]
[html.themeholy.com/webteck/demo/assets/img/hero/hero_shape_2_3.png]
[html.themeholy.com/webteck/demo/assets/img/normal/about_3_1-shape.png]
[html.themeholy.com/webteck/demo/assets/img/normal/about_3_1.png]
[html.themeholy.com/webteck/demo/assets/img/theme-img/title_shape_2.svg]
[html.themeholy.com/webteck/demo/assets/img/normal/about_3_1_1.jpg]
[html.themeholy.com/webteck/demo/assets/img/normal/about_3_1_2.jpg]
[html.themeholy.com/webteck/demo/assets/img/bg/service_bg_2.jpg]
[html.themeholy.com/webteck/demo/assets/img/icon/service_card_1.svg]
[html.themeholy.com/webteck/demo/assets/img/bg/service_grid_bg.png]
[html.themeholy.com/webteck/demo/assets/img/icon/service_card_2.svg]
[html.themeholy.com/webteck/demo/assets/img/icon/service_card_3.svg]
[html.themeholy.com/webteck/demo/assets/img/icon/service_card_4.svg]
[html.themeholy.com/webteck/demo/assets/img/icon/service_card_5.svg]
[html.themeholy.com/webteck/demo/assets/img/bg/why_bg_2.jpg]
[html.themeholy.com/webteck/demo/assets/img/normal/why_2_1.png]
[html.themeholy.com/webteck/demo/assets/img/project/project_2_1.jpg]
[html.themeholy.com/webteck/demo/assets/img/project/project_2_2.jpg]
[html.themeholy.com/webteck/demo/assets/img/project/project_2_3.jpg]
[html.themeholy.com/webteck/demo/assets/img/project/project_2_4.jpg]
[html.themeholy.com/webteck/demo/assets/img/bg/counter_bg_1.png]
[html.themeholy.com/webteck/demo/assets/img/icon/counter_1_1.svg]
[html.themeholy.com/webteck/demo/assets/img/icon/counter_1_2.svg]
[html.themeholy.com/webteck/demo/assets/img/icon/counter_1_3.svg]
[html.themeholy.com/webteck/demo/assets/img/icon/counter_1_4.svg]
[html.themeholy.com/webteck/demo/assets/img/bg/process_bg_1.png]
[html.themeholy.com/webteck/demo/assets/img/bg/process_line.svg]
[html.themeholy.com/webteck/demo/assets/img/icon/process_card_1.svg]
[html.themeholy.com/webteck/demo/assets/img/icon/process_card_2.svg]
[html.themeholy.com/webteck/demo/assets/img/icon/process_card_3.svg]
[html.themeholy.com/webteck/demo/assets/img/icon/process_card_4.svg]
[html.themeholy.com/webteck/demo/assets/img/brand/brand_2_1.png]
[html.themeholy.com/webteck/demo/assets/img/brand/brand_2_2.png]
[html.themeholy.com/webteck/demo/assets/img/brand/brand_2_3.png]
[html.themeholy.com/webteck/demo/assets/img/brand/brand_2_4.png]
[html.themeholy.com/webteck/demo/assets/img/brand/brand_2_5.png]
[html.themeholy.com/webteck/demo/assets/img/brand/brand_2_6.png]
[html.themeholy.com/webteck/demo/assets/img/team/team_3_1.jpg]
[html.themeholy.com/webteck/demo/assets/img/team/team_3_2.jpg]
[html.themeholy.com/webteck/demo/assets/img/team/team_3_3.jpg]
[html.themeholy.com/webteck/demo/assets/img/team/team_3_4.jpg]
[html.themeholy.com/webteck/demo/assets/img/shape/tech_shape_1.png]
[html.themeholy.com/webteck/demo/assets/img/shape/square_1.png]
[html.themeholy.com/webteck/demo/assets/img/bg/testi_bg_3.jpg]
[html.themeholy.com/webteck/demo/assets/img/testimonial/testi_3_1.jpg]
[html.themeholy.com/webteck/demo/assets/img/icon/quote_left_3.svg]
[html.themeholy.com/webteck/demo/assets/img/testimonial/testi_3_2.jpg]
[html.themeholy.com/webteck/demo/assets/img/testimonial/testi_3_3.jpg]
[html.themeholy.com/webteck/demo/assets/img/testimonial/testi_3_4.jpg]
[html.themeholy.com/webteck/demo/assets/img/normal/customer_support.jpg]
[html.themeholy.com/webteck/demo/assets/img/icon/call_1.svg]
[html.themeholy.com/webteck/demo/assets/img/bg/blog_bg_1.png]
[html.themeholy.com/webteck/demo/assets/img/blog/blog_1_1.jpg]
[html.themeholy.com/webteck/demo/assets/img/blog/blog_1_2.jpg]
[html.themeholy.com/webteck/demo/assets/img/blog/blog_1_3.jpg]
[html.themeholy.com/webteck/demo/assets/img/blog/blog_1_4.jpg]
[html.themeholy.com/webteck/demo/assets/img/bg/footer_bg_2.jpg]
[html.themeholy.com/webteck/demo/index.html]
[html.themeholy.com/webteck/demo/assets/img/logo.svg]
[html.themeholy.com/webteck/demo/assets/img/hero/hero_img_3_1.png]
[html.themeholy.com/webteck/demo/assets/img/hero/hero_img_3_phone.png]
[html.themeholy.com/webteck/demo/assets/img/hero/hero_shape_3_1.png]
[html.themeholy.com/webteck/demo/assets/img/normal/about_2_1.jpg]
[html.themeholy.com/webteck/demo/assets/img/normal/about_2_2.jpg]
[html.themeholy.com/webteck/demo/assets/img/normal/about_2_3.jpg]
[html.themeholy.com/webteck/demo/assets/img/normal/about_2_shape.png]
[html.themeholy.com/webteck/demo/assets/img/normal/video_shape_1.png]
[html.themeholy.com/webteck/demo/assets/img/shape/tech_shape_3.png]
[html.themeholy.com/webteck/demo/assets/img/shape/tech_shape_4.png]
[html.themeholy.com/webteck/demo/assets/img/service/service_box_1.jpg]
[html.themeholy.com/webteck/demo/assets/img/icon/service_box_1.svg]
[html.themeholy.com/webteck/demo/assets/img/bg/service_box_bg.png]
[html.themeholy.com/webteck/demo/assets/img/service/service_box_2.jpg]
[html.themeholy.com/webteck/demo/assets/img/icon/service_box_2.svg]
[html.themeholy.com/webteck/demo/assets/img/service/service_box_3.jpg]
[html.themeholy.com/webteck/demo/assets/img/icon/service_box_3.svg]
[html.themeholy.com/webteck/demo/assets/img/service/service_box_4.jpg]
[html.themeholy.com/webteck/demo/assets/img/icon/service_box_4.svg]
[html.themeholy.com/webteck/demo/assets/img/service/service_box_5.jpg]
[html.themeholy.com/webteck/demo/assets/img/icon/service_box_5.svg]
[html.themeholy.com/webteck/demo/assets/img/bg/team_bg_2.png]
[html.themeholy.com/webteck/demo/assets/img/team/team_2_1.jpg]
[html.themeholy.com/webteck/demo/assets/img/team/team_2_2.jpg]
[html.themeholy.com/webteck/demo/assets/img/team/team_2_3.jpg]
[html.themeholy.com/webteck/demo/assets/img/team/team_2_4.jpg]
[html.themeholy.com/webteck/demo/assets/img/team/team_2_5.jpg]
[html.themeholy.com/webteck/demo/assets/img/bg/testi_bg_2.png]
[html.themeholy.com/webteck/demo/assets/img/testimonial/testi_2_1.jpg]
[html.themeholy.com/webteck/demo/assets/img/icon/quote_left_2.svg]
[html.themeholy.com/webteck/demo/assets/img/testimonial/testi_2_2.jpg]
[html.themeholy.com/webteck/demo/assets/img/testimonial/testi_2_3.jpg]
[html.themeholy.com/webteck/demo/assets/img/shape/line_1.png]
[html.themeholy.com/webteck/demo/assets/img/shape/line_2.png]
[html.themeholy.com/webteck/demo/assets/img/bg/cta_bg_2.jpg]
[html.themeholy.com/webteck/demo/assets/img/bg/bg_overlay_1.png]
[html.themeholy.com/webteck/demo/assets/img/normal/faq_1_1.png]
[html.themeholy.com/webteck/demo/assets/img/shape/tech_shape_5.png]
[html.themeholy.com/webteck/demo/assets/img/bg/footer_bg_1.jpg]
[html.themeholy.com/webteck/demo/home-web-development.html]
[html.themeholy.com/webteck/demo/assets/img/logo-white2.svg]
[html.themeholy.com/webteck/demo/assets/img/bg/hero_bg_2.jpg]
[html.themeholy.com/webteck/demo/assets/img/shape/arrow.png]
[html.themeholy.com/webteck/demo/assets/img/hero/hero_bg_13_1.png]
[html.themeholy.com/webteck/demo/assets/img/brand/brand_3_1.svg]
[html.themeholy.com/webteck/demo/assets/img/brand/brand_3_2.svg]
[html.themeholy.com/webteck/demo/assets/img/brand/brand_3_3.svg]
[html.themeholy.com/webteck/demo/assets/img/brand/brand_3_4.svg]
[html.themeholy.com/webteck/demo/assets/img/brand/brand_3_5.svg]
[html.themeholy.com/webteck/demo/assets/img/brand/brand_3_6.svg]
[html.themeholy.com/webteck/demo/assets/img/normal/about_12_1.jpg]
[html.themeholy.com/webteck/demo/assets/img/normal/about_12_3.jpg]
[html.themeholy.com/webteck/demo/assets/img/normal/about_12_2.jpg]
[html.themeholy.com/webteck/demo/assets/img/normal/about_12_shape.png]
[html.themeholy.com/webteck/demo/assets/img/normal/about_12_1_shape.png]
[html.themeholy.com/webteck/demo/assets/img/bg/cta_bg_6.jpg]
[html.themeholy.com/webteck/demo/assets/img/icon/call.svg]
[html.themeholy.com/webteck/demo/assets/img/bg/process_bg_2.jpg]
[html.themeholy.com/webteck/demo/assets/img/normal/process_img_1.jpg]
[html.themeholy.com/webteck/demo/assets/img/normal/process_img_2.jpg]
[html.themeholy.com/webteck/demo/assets/img/normal/process_img_3.jpg]
[html.themeholy.com/webteck/demo/assets/img/normal/process_img_4.jpg]
[html.themeholy.com/webteck/demo/assets/img/shape/star-1.png]
[html.themeholy.com/webteck/demo/assets/img/shape/star-2.png]
[html.themeholy.com/webteck/demo/assets/img/shape/line-3.png]
[html.themeholy.com/webteck/demo/assets/img/project/project_8_1.jpg]
[html.themeholy.com/webteck/demo/assets/img/shape/project-shape.png]
[html.themeholy.com/webteck/demo/assets/img/project/project_8_2.jpg]
[html.themeholy.com/webteck/demo/assets/img/project/project_8_3.jpg]
[html.themeholy.com/webteck/demo/assets/img/project/project_8_4.jpg]
[html.themeholy.com/webteck/demo/assets/img/project/project_8_5.jpg]
[html.themeholy.com/webteck/demo/assets/img/project/project_8_6.jpg]
[html.themeholy.com/webteck/demo/assets/img/bg/team_bg_5.jpg]
[html.themeholy.com/webteck/demo/assets/img/team/team_4_1.jpg]
[html.themeholy.com/webteck/demo/assets/img/team/team_4_2.jpg]
[html.themeholy.com/webteck/demo/assets/img/team/team_4_3.jpg]
[html.themeholy.com/webteck/demo/assets/img/team/team_4_4.jpg]
[html.themeholy.com/webteck/demo/assets/img/normal/video_1.jpg]
[html.themeholy.com/webteck/demo/assets/img/bg/testi_bg_9.jpg]
[html.themeholy.com/webteck/demo/assets/img/testimonial/testi_img_1.png]
[html.themeholy.com/webteck/demo/assets/img/icon/quote3.svg]
[html.themeholy.com/webteck/demo/assets/img/bg/appointment_bg_3.jpg]
[html.themeholy.com/webteck/demo/assets/img/blog/blog_4_1.jpg]
[html.themeholy.com/webteck/demo/assets/img/blog/blog_4_2.jpg]
[html.themeholy.com/webteck/demo/assets/img/blog/blog_4_3.jpg]
[html.themeholy.com/webteck/demo/assets/img/normal/google-play.png]
[html.themeholy.com/webteck/demo/assets/img/normal/app.png]
[html.themeholy.com/webteck/demo/home-software-company-2.html]
[html.themeholy.com/webteck/demo/assets/img/hero/hero_bg_2_1.jpg]
[html.themeholy.com/webteck/demo/assets/img/hero/hero_bg_2_2.jpg]
[html.themeholy.com/webteck/demo/assets/img/hero/hero_bg_2_3.jpg]
[html.themeholy.com/webteck/demo/assets/img/icon/service_featured_1.svg]
[html.themeholy.com/webteck/demo/assets/img/icon/service_featured_2.svg]
[html.themeholy.com/webteck/demo/assets/img/icon/service_featured_3.svg]
[html.themeholy.com/webteck/demo/assets/img/icon/service_featured_4.svg]
[html.themeholy.com/webteck/demo/assets/img/normal/about_1_1.png]
[html.themeholy.com/webteck/demo/assets/img/normal/about_shape_1.png]
[html.themeholy.com/webteck/demo/assets/img/theme-img/title_shape_1.svg]
[html.themeholy.com/webteck/demo/assets/img/icon/about_feature_1_1.svg]
[html.themeholy.com/webteck/demo/assets/img/icon/about_feature_1_2.svg]
[html.themeholy.com/webteck/demo/assets/img/bg/service_bg_1.png]
[html.themeholy.com/webteck/demo/assets/img/bg/service_card_bg.png]
[html.themeholy.com/webteck/demo/assets/img/icon/service_card_6.svg]
[html.themeholy.com/webteck/demo/assets/img/normal/cta_1.jpg]
[html.themeholy.com/webteck/demo/assets/img/bg/why_bg_1.png]
[html.themeholy.com/webteck/demo/assets/img/normal/why_1_1.jpg]
[html.themeholy.com/webteck/demo/assets/img/bg/counter_bg_2.png]
[html.themeholy.com/webteck/demo/assets/img/team/team_1_1.jpg]
[html.themeholy.com/webteck/demo/assets/img/team/team_1_2.jpg]
[html.themeholy.com/webteck/demo/assets/img/team/team_1_3.jpg]
[html.themeholy.com/webteck/demo/assets/img/team/team_1_4.jpg]
[html.themeholy.com/webteck/demo/assets/img/team/team_1_5.jpg]
[html.themeholy.com/webteck/demo/assets/img/team/team_1_6.jpg]
[html.themeholy.com/webteck/demo/assets/img/team/team_1_7.jpg]
[html.themeholy.com/webteck/demo/assets/img/team/team_1_8.jpg]
[html.themeholy.com/webteck/demo/assets/img/project/project_1_1.jpg]
[html.themeholy.com/webteck/demo/assets/img/project/project_1_2.jpg]
[html.themeholy.com/webteck/demo/assets/img/project/project_1_3.jpg]
[html.themeholy.com/webteck/demo/assets/img/project/project_1_4.jpg]
[html.themeholy.com/webteck/demo/assets/img/project/project_1_5.jpg]
[html.themeholy.com/webteck/demo/assets/img/project/project_1_6.jpg]
[html.themeholy.com/webteck/demo/assets/img/project/project_1_7.jpg]
[html.themeholy.com/webteck/demo/assets/img/project/project_1_8.jpg]
[html.themeholy.com/webteck/demo/assets/img/project/project_1_9.jpg]
[html.themeholy.com/webteck/demo/assets/img/shape/tech_shape_2.png]
[html.themeholy.com/webteck/demo/assets/img/testimonial/testi_1_1.jpg]
[html.themeholy.com/webteck/demo/assets/img/icon/quote_left.svg]
[html.themeholy.com/webteck/demo/assets/img/testimonial/testi_1_2.jpg]
[html.themeholy.com/webteck/demo/assets/img/testimonial/testi_1_3.jpg]
[html.themeholy.com/webteck/demo/assets/img/testimonial/testi_1_4.jpg]
[html.themeholy.com/webteck/demo/assets/img/bg/appointment_bg_1.jpg]
[html.themeholy.com/webteck/demo/home-startup-company.html]
[html.themeholy.com/webteck/demo/assets/img/hero/hero_img_5_1.png]
[html.themeholy.com/webteck/demo/assets/img/icon/counter_card_4_1.svg]
[html.themeholy.com/webteck/demo/assets/img/icon/counter_card_4_2.svg]
[html.themeholy.com/webteck/demo/assets/img/icon/counter_card_4_3.svg]
[html.themeholy.com/webteck/demo/assets/img/normal/about_4.jpg]
[html.themeholy.com/webteck/demo/assets/img/icon/service_6_1.svg]
[html.themeholy.com/webteck/demo/assets/img/icon/service_6_2.svg]
[html.themeholy.com/webteck/demo/assets/img/icon/service_6_3.svg]
[html.themeholy.com/webteck/demo/assets/img/icon/service_6_4.svg]
[html.themeholy.com/webteck/demo/assets/img/bg/choose_bg_2.jpg]
[html.themeholy.com/webteck/demo/assets/img/normal/choose_img_1.jpg]
[html.themeholy.com/webteck/demo/assets/img/normal/choose_img_2.jpg]
[html.themeholy.com/webteck/demo/assets/img/normal/choose_img_3.jpg]
[html.themeholy.com/webteck/demo/assets/img/normal/choose_img_4.jpg]
[html.themeholy.com/webteck/demo/assets/img/project/project_4_1.jpg]
[html.themeholy.com/webteck/demo/assets/img/project/project_4_2.jpg]
[html.themeholy.com/webteck/demo/assets/img/bg/cta_bg_3.jpg]
[html.themeholy.com/webteck/demo/assets/img/bg/cta_bg_4.jpg]
[html.themeholy.com/webteck/demo/assets/img/bg/appointment_bg_2.jpg]
[html.themeholy.com/webteck/demo/assets/img/icon/call_2.svg]
[html.themeholy.com/webteck/demo/assets/img/shape/footer_shape_1.png]
[html.themeholy.com/webteck/demo/assets/img/shape/footer_shape_2.png]
[html.themeholy.com/webteck/demo/home-it-solution.html]
[html.themeholy.com/webteck/demo/assets/img/hero/hero_img_6_1.png]
[html.themeholy.com/webteck/demo/assets/img/hero/hero_overlay_6.png]
[html.themeholy.com/webteck/demo/assets/img/hero/hero_img_6_2.png]
[html.themeholy.com/webteck/demo/assets/img/icon/feature_box_1.svg]
[html.themeholy.com/webteck/demo/assets/img/icon/feature_box_2.svg]
[html.themeholy.com/webteck/demo/assets/img/icon/feature_box_3.svg]
[html.themeholy.com/webteck/demo/assets/img/normal/about_5_1.jpg]
[html.themeholy.com/webteck/demo/assets/img/testimonial/client-img-1-1.png]
[html.themeholy.com/webteck/demo/assets/img/testimonial/client-img-1-2.png]
[html.themeholy.com/webteck/demo/assets/img/testimonial/client-img-1-3.png]
[html.themeholy.com/webteck/demo/assets/img/icon/service_grid_1.svg]
[html.themeholy.com/webteck/demo/assets/img/icon/service_grid_2.svg]
[html.themeholy.com/webteck/demo/assets/img/icon/service_grid_3.svg]
[html.themeholy.com/webteck/demo/assets/img/icon/service_grid_4.svg]
[html.themeholy.com/webteck/demo/assets/img/bg/team_bg_1.jpg]
[html.themeholy.com/webteck/demo/assets/img/normal/faq_4_1.png]
[html.themeholy.com/webteck/demo/assets/img/normal/faq_4_2.png]
[html.themeholy.com/webteck/demo/assets/img/testimonial/client-img-1.png]
[html.themeholy.com/webteck/demo/assets/img/project/project_5_1.jpg]
[html.themeholy.com/webteck/demo/assets/img/project/project_5_2.jpg]
[html.themeholy.com/webteck/demo/assets/img/project/project_5_3.jpg]
[html.themeholy.com/webteck/demo/assets/img/project/project_5_4.jpg]
[html.themeholy.com/webteck/demo/assets/img/project/project_5_5.jpg]
[html.themeholy.com/webteck/demo/assets/img/bg/testimonial_bg_5.jpg]
[html.themeholy.com/webteck/demo/assets/img/testimonial/testi_2_1.png]
[html.themeholy.com/webteck/demo/assets/img/icon/quote.svg]
[html.themeholy.com/webteck/demo/assets/img/testimonial/testi_2_2.png]
[html.themeholy.com/webteck/demo/assets/img/testimonial/testi_2_3.png]
[html.themeholy.com/webteck/demo/assets/img/testimonial/testi_2_4.png]
[html.themeholy.com/webteck/demo/home-web-agency.html]
[html.themeholy.com/webteck/demo/assets/img/hero/hero_18_1.jpg]
[html.themeholy.com/webteck/demo/assets/img/hero/hero_18_2.jpg]
[html.themeholy.com/webteck/demo/assets/img/hero/hero_18_3.jpg]
[html.themeholy.com/webteck/demo/assets/img/hero/hero_18_line.png]
[html.themeholy.com/webteck/demo/assets/img/brand/brand_8_1.svg]
[html.themeholy.com/webteck/demo/assets/img/brand/brand_8_2.svg]
[html.themeholy.com/webteck/demo/assets/img/brand/brand_8_3.svg]
[html.themeholy.com/webteck/demo/assets/img/brand/brand_8_5.svg]
[html.themeholy.com/webteck/demo/assets/img/brand/brand_8_4.svg]
[html.themeholy.com/webteck/demo/assets/img/normal/about_16_1.jpg]
[html.themeholy.com/webteck/demo/assets/img/normal/download-9-1.png]
[html.themeholy.com/webteck/demo/assets/img/theme-img/play-store-btn.png]
[html.themeholy.com/webteck/demo/assets/img/theme-img/apple-btn.png]
[html.themeholy.com/webteck/demo/assets/img/team/team_6_1.jpg]
[html.themeholy.com/webteck/demo/assets/img/team/team_6_2.jpg]
[html.themeholy.com/webteck/demo/assets/img/team/team_6_3.jpg]
[html.themeholy.com/webteck/demo/assets/img/team/team_6_4.jpg]
[html.themeholy.com/webteck/demo/assets/img/bg/service_bg_17.jpg]
[html.themeholy.com/webteck/demo/assets/img/icon/service_8_1.svg]
[html.themeholy.com/webteck/demo/assets/img/icon/service_8_2.svg]
[html.themeholy.com/webteck/demo/assets/img/icon/service_8_3.svg]
[html.themeholy.com/webteck/demo/assets/img/icon/service_8_4.svg]
[html.themeholy.com/webteck/demo/assets/img/normal/feature-img-12-1.png]
[html.themeholy.com/webteck/demo/assets/img/normal/feature-img-12-2.png]
[html.themeholy.com/webteck/demo/assets/img/normal/feature-img-12-3.png]
[html.themeholy.com/webteck/demo/assets/img/normal/feature-img-12-4.png]
[html.themeholy.com/webteck/demo/assets/img/bg/testi_bg_15.jpg]
[html.themeholy.com/webteck/demo/assets/img/testimonial/testi-img2.jpg]
[html.themeholy.com/webteck/demo/assets/img/testimonial/testi_1_2.png]
[html.themeholy.com/webteck/demo/assets/img/testimonial/testi_1_3.png]
[html.themeholy.com/webteck/demo/assets/img/testimonial/testi_1_4.png]
[html.themeholy.com/webteck/demo/assets/img/normal/faq_7_1.jpg]
[html.themeholy.com/webteck/demo/assets/img/normal/faq_7_2.jpg]
[html.themeholy.com/webteck/demo/assets/img/bg/blog_bg_11.jpg]
[html.themeholy.com/webteck/demo/assets/img/blog/blog_7_1.jpg]
[html.themeholy.com/webteck/demo/assets/img/blog/blog_7_2.jpg]
[html.themeholy.com/webteck/demo/assets/img/blog/blog_7_3.jpg]
[html.themeholy.com/webteck/demo/home-startup.html]
[html.themeholy.com/webteck/demo/assets/img/hero/hero_bg_12_1.png]
[html.themeholy.com/webteck/demo/assets/img/shape/hero11_shape.png]
[html.themeholy.com/webteck/demo/assets/img/hero/hero_img_10_1.png]
[html.themeholy.com/webteck/demo/assets/img/hero/hero_img_10_2.png]
[html.themeholy.com/webteck/demo/assets/img/hero/hero_img_10_3.png]
[html.themeholy.com/webteck/demo/assets/img/normal/feature_1_1.png]
[html.themeholy.com/webteck/demo/assets/img/normal/feature_1_2.png]
[html.themeholy.com/webteck/demo/assets/img/normal/feature_1_3.png]
[html.themeholy.com/webteck/demo/assets/img/normal/about_22_1.jpg]
[html.themeholy.com/webteck/demo/assets/img/normal/about_22_2.jpg]
[html.themeholy.com/webteck/demo/assets/img/icon/service_11_1.svg]
[html.themeholy.com/webteck/demo/assets/img/icon/service_11_2.svg]
[html.themeholy.com/webteck/demo/assets/img/icon/service_11_3.svg]
[html.themeholy.com/webteck/demo/assets/img/bg/feature_bg_1.jpg]
[html.themeholy.com/webteck/demo/assets/img/shape/feature-shape.png]
[html.themeholy.com/webteck/demo/assets/img/normal/feature-image12.jpg]
[html.themeholy.com/webteck/demo/assets/img/shape/logo.jpg]
[html.themeholy.com/webteck/demo/assets/img/normal/google-play2.png]
[html.themeholy.com/webteck/demo/assets/img/normal/app2.png]
[html.themeholy.com/webteck/demo/assets/img/normal/amazon.png]
[html.themeholy.com/webteck/demo/assets/img/normal/feature-image12_2.jpg]
[html.themeholy.com/webteck/demo/assets/img/shape/logo2.jpg]
[html.themeholy.com/webteck/demo/assets/img/normal/feature-image12_3.jpg]
[html.themeholy.com/webteck/demo/assets/img/shape/logo3.jpg]
[html.themeholy.com/webteck/demo/assets/img/team/team_shape2.png]
[html.themeholy.com/webteck/demo/assets/img/team/team_7_1.jpg]
[html.themeholy.com/webteck/demo/assets/img/team/team_7_2.jpg]
[html.themeholy.com/webteck/demo/assets/img/team/team_7_3.jpg]
[html.themeholy.com/webteck/demo/assets/img/team/team_7_4.jpg]
[html.themeholy.com/webteck/demo/assets/img/testimonial/testi_20_1.jpg]
[html.themeholy.com/webteck/demo/assets/img/icon/quote6.svg]
[html.themeholy.com/webteck/demo/assets/img/testimonial/testi_20_2.jpg]
[html.themeholy.com/webteck/demo/assets/img/testimonial/testi_20_3.jpg]
[html.themeholy.com/webteck/demo/assets/img/gallery/gallery_2_1.jpg]
[html.themeholy.com/webteck/demo/assets/img/gallery/gallery_2_2.jpg]
[html.themeholy.com/webteck/demo/assets/img/gallery/gallery_2_3.jpg]
[html.themeholy.com/webteck/demo/assets/img/gallery/gallery_2_4.jpg]
[html.themeholy.com/webteck/demo/assets/img/normal/faq_12_1.png]
[html.themeholy.com/webteck/demo/assets/img/blog/blog_15_1.jpg]
[html.themeholy.com/webteck/demo/assets/img/blog/blog_15_2.jpg]
[html.themeholy.com/webteck/demo/assets/img/blog/blog_15_3.jpg]
[html.themeholy.com/webteck/demo/assets/img/shape/footer_shape_10.png]
[html.themeholy.com/webteck/demo/assets/img/shape/footer_shape_11.png]
[html.themeholy.com/webteck/demo/home-game-solution.html]
[html.themeholy.com/webteck/demo/assets/img/hero/hero_bg_15_1.png]
[html.themeholy.com/webteck/demo/assets/img/theme-img/title_shape_4.svg]
[html.themeholy.com/webteck/demo/assets/img/hero/hero_img_15_1.png]
[html.themeholy.com/webteck/demo/assets/img/shape/shape_7.png]
[html.themeholy.com/webteck/demo/assets/img/shape/shape_8.png]
[html.themeholy.com/webteck/demo/assets/img/shape/shape_9.png]
[html.themeholy.com/webteck/demo/assets/img/icon/service_7_1.svg]
[html.themeholy.com/webteck/demo/assets/img/icon/service_7_2.svg]
[html.themeholy.com/webteck/demo/assets/img/icon/service_7_3.svg]
[html.themeholy.com/webteck/demo/assets/img/normal/about_15_1.jpg]
[html.themeholy.com/webteck/demo/assets/img/icon/about_feature_2_1.svg]
[html.themeholy.com/webteck/demo/assets/img/icon/about_feature_2_2.svg]
[html.themeholy.com/webteck/demo/assets/img/normal/about_15_2.jpg]
[html.themeholy.com/webteck/demo/assets/img/shape/about_shape.png]
[html.themeholy.com/webteck/demo/assets/img/bg/process_bg_3.jpg]
[html.themeholy.com/webteck/demo/assets/img/theme-img/title_shape_4.1.svg]
[html.themeholy.com/webteck/demo/assets/img/icon/process_1_1.svg]
[html.themeholy.com/webteck/demo/assets/img/icon/process_1_2.svg]
[html.themeholy.com/webteck/demo/assets/img/icon/process_1_3.svg]
[html.themeholy.com/webteck/demo/assets/img/icon/process_1_4.svg]
[html.themeholy.com/webteck/demo/assets/img/icon/feature_1_1.svg]
[html.themeholy.com/webteck/demo/assets/img/icon/feature_1_2.svg]
[html.themeholy.com/webteck/demo/assets/img/icon/feature_1_3.svg]
[html.themeholy.com/webteck/demo/assets/img/icon/feature_1_4.svg]
[html.themeholy.com/webteck/demo/assets/img/normal/feature-11-1.png]
[html.themeholy.com/webteck/demo/assets/img/bg/contact_bg_7.jpg]
[html.themeholy.com/webteck/demo/assets/img/normal/faq_6_1.jpg]
[html.themeholy.com/webteck/demo/assets/img/normal/faq_6_2.jpg]
[html.themeholy.com/webteck/demo/assets/img/normal/faq_6_3.jpg]
[html.themeholy.com/webteck/demo/assets/img/bg/testi_bg_11.jpg]
[html.themeholy.com/webteck/demo/assets/img/testimonial/testi_1_1.png]
[html.themeholy.com/webteck/demo/assets/img/testimonial/testi_1_5.png]
[html.themeholy.com/webteck/demo/assets/img/blog/blog_6_1.jpg]
[html.themeholy.com/webteck/demo/assets/img/blog/blog_6_2.jpg]
[html.themeholy.com/webteck/demo/assets/img/blog/blog_6_3.jpg]
[html.themeholy.com/webteck/demo/assets/img/bg/footer_bg_13.jpg]
[html.themeholy.com/webteck/demo/home-sass-marketing.html]
[html.themeholy.com/webteck/demo/assets/img/hero/hero_bg_7_1.png]
[html.themeholy.com/webteck/demo/assets/img/hero/hero_img_7_1.png]
[html.themeholy.com/webteck/demo/assets/img/bg/process_line_3.svg]
[html.themeholy.com/webteck/demo/assets/img/icon/process_box_3_1.svg]
[html.themeholy.com/webteck/demo/assets/img/icon/process_box_3_2.svg]
[html.themeholy.com/webteck/demo/assets/img/icon/process_box_3_3.svg]
[html.themeholy.com/webteck/demo/assets/img/normal/about_7_1.jpg]
[html.themeholy.com/webteck/demo/assets/img/service/service_box_7-1.jpg]
[html.themeholy.com/webteck/demo/assets/img/service/service_box_7-2.jpg]
[html.themeholy.com/webteck/demo/assets/img/service/service_box_7-3.jpg]
[html.themeholy.com/webteck/demo/assets/img/bg/cta_bg_7_1.png]
[html.themeholy.com/webteck/demo/assets/img/normal/cta_7_1.png]
[html.themeholy.com/webteck/demo/assets/img/bg/feature_line.svg]
[html.themeholy.com/webteck/demo/assets/img/normal/feature-img-7-1.png]
[html.themeholy.com/webteck/demo/assets/img/normal/feature-img-7-2.png]
[html.themeholy.com/webteck/demo/assets/img/bg/testimonial_bg_7.jpg]
[html.themeholy.com/webteck/demo/assets/img/icon/pricing_card_7_1.svg]
[html.themeholy.com/webteck/demo/assets/img/icon/pricing_card_7_2.svg]
[html.themeholy.com/webteck/demo/assets/img/icon/pricing_card_7_3.svg]
[html.themeholy.com/webteck/demo/assets/img/bg/cta_bg_8.jpg]
[html.themeholy.com/webteck/demo/assets/img/bg/footer_bg_6.jpg]
[html.themeholy.com/webteck/demo/home-sass-landing.html]
[html.themeholy.com/webteck/demo/assets/img/hero/hero_bg_14_1.png]
[html.themeholy.com/webteck/demo/assets/img/hero/hero_img_14_1.png]
[html.themeholy.com/webteck/demo/assets/img/hero/hero_img_14_2.png]
[html.themeholy.com/webteck/demo/assets/img/shape/hero-shape2.png]
[html.themeholy.com/webteck/demo/assets/img/shape/shape_2.png]
[html.themeholy.com/webteck/demo/assets/img/shape/shape_3.png]
[html.themeholy.com/webteck/demo/assets/img/brand/brand_7_1.svg]
[html.themeholy.com/webteck/demo/assets/img/brand/brand_7_2.svg]
[html.themeholy.com/webteck/demo/assets/img/brand/brand_7_3.svg]
[html.themeholy.com/webteck/demo/assets/img/brand/brand_7_4.svg]
[html.themeholy.com/webteck/demo/assets/img/brand/brand_7_5.svg]
[html.themeholy.com/webteck/demo/assets/img/brand/brand_7_6.svg]
[html.themeholy.com/webteck/demo/assets/img/service/service_bg_1.jpg]
[html.themeholy.com/webteck/demo/assets/img/icon/service_1_1.svg]
[html.themeholy.com/webteck/demo/assets/img/icon/service_1_2.svg]
[html.themeholy.com/webteck/demo/assets/img/icon/service_1_3.svg]
[html.themeholy.com/webteck/demo/assets/img/normal/about_13_1.jpg]
[html.themeholy.com/webteck/demo/assets/img/normal/about_13_2.jpg]
[html.themeholy.com/webteck/demo/assets/img/normal/about_13_3.jpg]
[html.themeholy.com/webteck/demo/assets/img/normal/feature-img-8-1.jpg]
[html.themeholy.com/webteck/demo/assets/img/normal/feature-img-8-2.jpg]
[html.themeholy.com/webteck/demo/assets/img/normal/feature-img-10-1.jpg]
[html.themeholy.com/webteck/demo/assets/img/normal/feature-img-10-2.jpg]
[html.themeholy.com/webteck/demo/assets/img/normal/feature-img-10-3.jpg]
[html.themeholy.com/webteck/demo/assets/img/normal/feature-img-11-1.jpg]
[html.themeholy.com/webteck/demo/assets/img/normal/feature-img-11-2.jpg]
[html.themeholy.com/webteck/demo/assets/img/bg/price_bg_1.jpg]
[html.themeholy.com/webteck/demo/assets/img/icon/pricing_card_8_1.svg]
[html.themeholy.com/webteck/demo/assets/img/icon/pricing_card_8_2.svg]
[html.themeholy.com/webteck/demo/assets/img/icon/pricing_card_8_3.svg]
[html.themeholy.com/webteck/demo/assets/img/normal/faq_5_1.jpg]
[html.themeholy.com/webteck/demo/assets/img/normal/faq_5_2.jpg]
[html.themeholy.com/webteck/demo/assets/img/normal/faq_5_3.jpg]
[html.themeholy.com/webteck/demo/assets/img/normal/contact-image.png]
[html.themeholy.com/webteck/demo/home-sass-landing-2.html]
[html.themeholy.com/webteck/demo/assets/img/hero/hero_bg_8_1.png]
[html.themeholy.com/webteck/demo/assets/img/hero/hero_img_8_1.png]
[html.themeholy.com/webteck/demo/assets/img/icon/feature_card_8_1.svg]
[html.themeholy.com/webteck/demo/assets/img/icon/feature_card_8_2.svg]
[html.themeholy.com/webteck/demo/assets/img/icon/feature_card_8_3.svg]
[html.themeholy.com/webteck/demo/assets/img/icon/feature_card_8_4.svg]
[html.themeholy.com/webteck/demo/assets/img/normal/about_8_1.jpg]
[html.themeholy.com/webteck/demo/assets/img/normal/about_8_2.jpg]
[html.themeholy.com/webteck/demo/assets/img/bg/why_bg_8.png]
[html.themeholy.com/webteck/demo/assets/img/icon/why-8-1.svg]
[html.themeholy.com/webteck/demo/assets/img/icon/why-8-2.svg]
[html.themeholy.com/webteck/demo/assets/img/icon/why-8-3.svg]
[html.themeholy.com/webteck/demo/assets/img/icon/why-8-4.svg]
[html.themeholy.com/webteck/demo/assets/img/normal/why_8_1.png]
[html.themeholy.com/webteck/demo/assets/img/normal/download-8-1.png]
[html.themeholy.com/webteck/demo/assets/img/normal/download-8-1.1.png]
[html.themeholy.com/webteck/demo/assets/img/normal/download-8-2.png]
[html.themeholy.com/webteck/demo/assets/img/normal/download-8-2.1.png]
[html.themeholy.com/webteck/demo/assets/img/normal/screenshot-slider_8_1.png]
[html.themeholy.com/webteck/demo/assets/img/normal/screenshot-slider_8_2.png]
[html.themeholy.com/webteck/demo/assets/img/normal/screenshot-slider_8_3.png]
[html.themeholy.com/webteck/demo/assets/img/normal/screenshot-slider_8_4.png]
[html.themeholy.com/webteck/demo/assets/img/normal/screenshot-slider_8_5.png]
[html.themeholy.com/webteck/demo/assets/img/normal/screenshot-slider_8_6.png]
[html.themeholy.com/webteck/demo/assets/img/normal/screenshot-slider_8_7.png]
[html.themeholy.com/webteck/demo/assets/img/bg/download_bg_8-3.png]
[html.themeholy.com/webteck/demo/assets/img/normal/download-8-3.png]
[html.themeholy.com/webteck/demo/home-app-landing.html]
[html.themeholy.com/webteck/demo/assets/img/hero/hero_bg_9_1.png]
[html.themeholy.com/webteck/demo/assets/img/hero/hero_bg_10_1.png]
[html.themeholy.com/webteck/demo/assets/img/icon/service_2_1.svg]
[html.themeholy.com/webteck/demo/assets/img/icon/service_2_2.svg]
[html.themeholy.com/webteck/demo/assets/img/icon/service_2_3.svg]
[html.themeholy.com/webteck/demo/assets/img/icon/service_2_4.svg]
[html.themeholy.com/webteck/demo/assets/img/service/service_2.png]
[html.themeholy.com/webteck/demo/assets/img/icon/ser-shape.svg]
[html.themeholy.com/webteck/demo/assets/img/icon/star.svg]
[html.themeholy.com/webteck/demo/assets/img/normal/about_9_2.jpg]
[html.themeholy.com/webteck/demo/assets/img/normal/about_9_1.jpg]
[html.themeholy.com/webteck/demo/assets/img/icon/1.svg]
[html.themeholy.com/webteck/demo/assets/img/icon/2.svg]
[html.themeholy.com/webteck/demo/assets/img/icon/3.svg]
[html.themeholy.com/webteck/demo/assets/img/icon/4.svg]
[html.themeholy.com/webteck/demo/assets/img/icon/5.svg]
[html.themeholy.com/webteck/demo/assets/img/icon/6.svg]
[html.themeholy.com/webteck/demo/assets/img/icon/7.svg]
[html.themeholy.com/webteck/demo/assets/img/icon/star2.svg]
[html.themeholy.com/webteck/demo/assets/img/bg/process_bg_1.jpg]
[html.themeholy.com/webteck/demo/assets/img/shape/shape_1.png]
[html.themeholy.com/webteck/demo/assets/img/normal/process-img.jpg]
[html.themeholy.com/webteck/demo/assets/img/project/project_6_1.jpg]
[html.themeholy.com/webteck/demo/assets/img/project/project_6_2.jpg]
[html.themeholy.com/webteck/demo/assets/img/project/project_6_3.jpg]
[html.themeholy.com/webteck/demo/assets/img/bg/testimonial_bg_6.jpg]
[html.themeholy.com/webteck/demo/assets/img/testimonial/testi_img_2.png]
[html.themeholy.com/webteck/demo/assets/img/icon/quote2.svg]
[html.themeholy.com/webteck/demo/assets/img/bg/faq_bg_1.jpg]
[html.themeholy.com/webteck/demo/assets/img/blog/blog_2_1.jpg]
[html.themeholy.com/webteck/demo/assets/img/blog/blog_2_2.jpg]
[html.themeholy.com/webteck/demo/assets/img/blog/blog_2_3.jpg]
[html.themeholy.com/webteck/demo/assets/img/brand/brand_4_1.svg]
[html.themeholy.com/webteck/demo/assets/img/brand/brand_4_2.svg]
[html.themeholy.com/webteck/demo/assets/img/brand/brand_4_3.svg]
[html.themeholy.com/webteck/demo/assets/img/brand/brand_4_4.svg]
[html.themeholy.com/webteck/demo/assets/img/brand/brand_4_5.svg]
[html.themeholy.com/webteck/demo/home-ai-technology.html]
[html.themeholy.com/webteck/demo/assets/img/brand/brand_4_6.svg]
[html.themeholy.com/webteck/demo/assets/img/hero/hero_bg_11_1.png]
[html.themeholy.com/webteck/demo/assets/img/hero/hero10_shape.png]
[html.themeholy.com/webteck/demo/assets/img/icon/feature_box_1_1.svg]
[html.themeholy.com/webteck/demo/assets/img/icon/feature_box_1_2.svg]
[html.themeholy.com/webteck/demo/assets/img/icon/feature_box_1_3.svg]
[html.themeholy.com/webteck/demo/assets/img/icon/check_1_1.png]
[html.themeholy.com/webteck/demo/assets/img/normal/about_10_1.jpg]
[html.themeholy.com/webteck/demo/assets/img/shape/ser_shape_1.png]
[html.themeholy.com/webteck/demo/assets/img/icon/service_3_1.svg]
[html.themeholy.com/webteck/demo/assets/img/icon/service_3_2.svg]
[html.themeholy.com/webteck/demo/assets/img/icon/service_3_3.svg]
[html.themeholy.com/webteck/demo/assets/img/icon/service_3_4.svg]
[html.themeholy.com/webteck/demo/assets/img/icon/service_3_5.svg]
[html.themeholy.com/webteck/demo/assets/img/icon/service_3_6.svg]
[html.themeholy.com/webteck/demo/assets/img/icon/service_3_7.svg]
[html.themeholy.com/webteck/demo/assets/img/icon/service_3_8.svg]
[html.themeholy.com/webteck/demo/assets/img/normal/choose_1.png]
[html.themeholy.com/webteck/demo/assets/img/blog/blog_3_1.jpg]
[html.themeholy.com/webteck/demo/assets/img/blog/blog_3_2.jpg]
[html.themeholy.com/webteck/demo/assets/img/blog/blog_3_3.jpg]
[html.themeholy.com/webteck/demo/home-cyber-security.html]
[html.themeholy.com/webteck/demo/assets/img/hero/hero_bg_22_1.jpg]
[html.themeholy.com/webteck/demo/assets/img/icon/service_10_2.svg]
[html.themeholy.com/webteck/demo/assets/img/icon/service_10_1.svg]
[html.themeholy.com/webteck/demo/assets/img/bg/about_bg_1.jpg]
[html.themeholy.com/webteck/demo/assets/img/normal/about_21_1.jpg]
[html.themeholy.com/webteck/demo/assets/img/normal/about_21_2.jpg]
[html.themeholy.com/webteck/demo/assets/img/normal/about_21_3.jpg]
[html.themeholy.com/webteck/demo/assets/img/icon/service_10_3.svg]
[html.themeholy.com/webteck/demo/assets/img/normal/dots.png]
[html.themeholy.com/webteck/demo/assets/img/icon/check_5.svg]
[html.themeholy.com/webteck/demo/assets/img/team/team_shape.png]
[html.themeholy.com/webteck/demo/assets/img/team/team_11_1.jpg]
[html.themeholy.com/webteck/demo/assets/img/team/team_11_2.jpg]
[html.themeholy.com/webteck/demo/assets/img/team/team_11_3.jpg]
[html.themeholy.com/webteck/demo/assets/img/team/team_11_4.jpg]
[html.themeholy.com/webteck/demo/assets/img/icon/feature_4_1.svg]
[html.themeholy.com/webteck/demo/assets/img/icon/feature_4_2.svg]
[html.themeholy.com/webteck/demo/assets/img/icon/feature_4_3.svg]
[html.themeholy.com/webteck/demo/assets/img/normal/choose_6.jpg]
[html.themeholy.com/webteck/demo/assets/img/shape/line-4.png]
[html.themeholy.com/webteck/demo/assets/img/bg/testi_bg_19.jpg]
[html.themeholy.com/webteck/demo/assets/img/normal/video_19.jpg]
[html.themeholy.com/webteck/demo/assets/img/testimonial/testi_19_1.jpg]
[html.themeholy.com/webteck/demo/assets/img/testimonial/testi_19_2.jpg]
[html.themeholy.com/webteck/demo/assets/img/testimonial/testi_19_3.jpg]
[html.themeholy.com/webteck/demo/assets/img/bg/contact_bg_8.jpg]
[html.themeholy.com/webteck/demo/assets/img/normal/contact-shape.png]
[html.themeholy.com/webteck/demo/assets/img/shape/map-shape.png]
[html.themeholy.com/webteck/demo/assets/img/blog/blog_14_1.jpg]
[html.themeholy.com/webteck/demo/assets/img/blog/blog_14_2.jpg]
[html.themeholy.com/webteck/demo/assets/img/blog/blog_14_3.jpg]
[html.themeholy.com/webteck/demo/assets/img/shape/footer_shape_8.png]
[html.themeholy.com/webteck/demo/assets/img/shape/footer_shape_9.png]
[html.themeholy.com/webteck/demo/home-cyber-security-2.html]
[html.themeholy.com/webteck/demo/assets/img/bg/hero_bg_1.png]
[html.themeholy.com/webteck/demo/assets/img/hero/hero_img_11_1.jpg]
[html.themeholy.com/webteck/demo/assets/img/hero/hero_img_11_2.jpg]
[html.themeholy.com/webteck/demo/assets/img/hero/hero_img_11_3.jpg]
[html.themeholy.com/webteck/demo/assets/img/icon/service_4_1.svg]
[html.themeholy.com/webteck/demo/assets/img/service/service_box_7-4.jpg]
[html.themeholy.com/webteck/demo/assets/img/icon/service_4_2.svg]
[html.themeholy.com/webteck/demo/assets/img/icon/service_4_3.svg]
[html.themeholy.com/webteck/demo/assets/img/icon/service_4_4.svg]
[html.themeholy.com/webteck/demo/assets/img/icon/service_4_5.svg]
[html.themeholy.com/webteck/demo/assets/img/icon/circle.png]
[html.themeholy.com/webteck/demo/assets/img/normal/about_11_1.jpg]
[html.themeholy.com/webteck/demo/assets/img/normal/about_11_2.jpg]
[html.themeholy.com/webteck/demo/assets/img/normal/about_11_3.jpg]
[html.themeholy.com/webteck/demo/assets/img/bg/choose_bg_1.jpg]
[html.themeholy.com/webteck/demo/assets/img/normal/choose_2.jpg]
[html.themeholy.com/webteck/demo/assets/img/project/project_7_1.jpg]
[html.themeholy.com/webteck/demo/assets/img/project/project_7_2.jpg]
[html.themeholy.com/webteck/demo/assets/img/project/project_7_3.jpg]
[html.themeholy.com/webteck/demo/assets/img/normal/cta-1.png]
[html.themeholy.com/webteck/demo/assets/img/normal/cta-2.png]
[html.themeholy.com/webteck/demo/assets/img/brand/brand_6_1.png]
[html.themeholy.com/webteck/demo/assets/img/brand/brand_6_2.png]
[html.themeholy.com/webteck/demo/assets/img/brand/brand_6_3.png]
[html.themeholy.com/webteck/demo/assets/img/brand/brand_6_4.png]
[html.themeholy.com/webteck/demo/assets/img/brand/brand_6_5.png]
[html.themeholy.com/webteck/demo/assets/img/bg/faq_bg_2.jpg]
[html.themeholy.com/webteck/demo/assets/img/bg/faq_shape_1.jpg]
[html.themeholy.com/webteck/demo/assets/img/testimonial/testi_2_5.png]
[html.themeholy.com/webteck/demo/assets/img/shape/footer_shape_7.png]
[html.themeholy.com/webteck/demo/home-it-company.html]
[html.themeholy.com/webteck/demo/assets/img/hero/hero_bg_20_1.jpg]
[html.themeholy.com/webteck/demo/assets/img/hero/hero_overlay_20.png]
[html.themeholy.com/webteck/demo/assets/img/hero/hero_20_1.png]
[html.themeholy.com/webteck/demo/assets/img/shape/hero20-shape-1.png]
[html.themeholy.com/webteck/demo/assets/img/shape/hero20-shape-2.png]
[html.themeholy.com/webteck/demo/assets/img/shape/hero20-shape-3.png]
[html.themeholy.com/webteck/demo/assets/img/shape/hero20-shape-4.png]
[html.themeholy.com/webteck/demo/assets/img/normal/about_18_1.jpg]
[html.themeholy.com/webteck/demo/assets/img/normal/about_18_2.jpg]
[html.themeholy.com/webteck/demo/assets/img/icon/check_4.svg]
[html.themeholy.com/webteck/demo/assets/img/bg/service_bg_19.jpg]
[html.themeholy.com/webteck/demo/assets/img/service/service_10_1.jpg]
[html.themeholy.com/webteck/demo/assets/img/icon/service_9_1.svg]
[html.themeholy.com/webteck/demo/assets/img/service/service_10_2.jpg]
[html.themeholy.com/webteck/demo/assets/img/icon/service_9_2.svg]
[html.themeholy.com/webteck/demo/assets/img/service/service_10_3.jpg]
[html.themeholy.com/webteck/demo/assets/img/icon/service_9_3.svg]
[html.themeholy.com/webteck/demo/assets/img/service/service_10_4.jpg]
[html.themeholy.com/webteck/demo/assets/img/icon/service_9_4.svg]
[html.themeholy.com/webteck/demo/assets/img/project/project_11_1.jpg]
[html.themeholy.com/webteck/demo/assets/img/project/project_11_2.jpg]
[html.themeholy.com/webteck/demo/assets/img/project/project_11_3.jpg]
[html.themeholy.com/webteck/demo/assets/img/project/project_11_4.jpg]
[html.themeholy.com/webteck/demo/assets/img/bg/counter_bg_9.png]
[html.themeholy.com/webteck/demo/assets/img/normal/choose_4.jpg]
[html.themeholy.com/webteck/demo/assets/img/icon/choose_feature_2_1.svg]
[html.themeholy.com/webteck/demo/assets/img/icon/choose_feature_2_2.svg]
[html.themeholy.com/webteck/demo/assets/img/icon/choose_feature_2_3.svg]
[html.themeholy.com/webteck/demo/assets/img/shape/shape_10.png]
[html.themeholy.com/webteck/demo/assets/img/bg/team_bg_6.jpg]
[html.themeholy.com/webteck/demo/assets/img/team/team_5_1.jpg]
[html.themeholy.com/webteck/demo/assets/img/team/team_5_2.jpg]
[html.themeholy.com/webteck/demo/assets/img/team/team_5_3.jpg]
[html.themeholy.com/webteck/demo/assets/img/team/team_5_4.jpg]
[html.themeholy.com/webteck/demo/assets/img/bg/testimonial_bg_17.jpg]
[html.themeholy.com/webteck/demo/assets/img/testimonial/testi_4_1.png]
[html.themeholy.com/webteck/demo/assets/img/icon/quote5.svg]
[html.themeholy.com/webteck/demo/assets/img/testimonial/testi_4_2.png]
[html.themeholy.com/webteck/demo/assets/img/testimonial/testi_4_3.png]
[html.themeholy.com/webteck/demo/assets/img/testimonial/testi_4_4.png]
[html.themeholy.com/webteck/demo/assets/img/testimonial/testi_4_5.png]
[html.themeholy.com/webteck/demo/assets/img/testimonial/testi_4_6.png]
[html.themeholy.com/webteck/demo/assets/img/normal/faq_11_1.png]
[html.themeholy.com/webteck/demo/assets/img/bg/widget_bg_1.jpg]
[html.themeholy.com/webteck/demo/assets/img/blog/blog_13_1.jpg]
[html.themeholy.com/webteck/demo/assets/img/blog/blog_13_2.jpg]
[html.themeholy.com/webteck/demo/assets/img/blog/blog_13_3.jpg]
[html.themeholy.com/webteck/demo/assets/img/bg/footer_bg_15.jpg]
[html.themeholy.com/webteck/demo/home-digital-marking.html]
[html.themeholy.com/webteck/demo/assets/img/bg/hero_bg_2.png]
[html.themeholy.com/webteck/demo/assets/img/theme-img/title_shape_3.svg]
[html.themeholy.com/webteck/demo/assets/img/hero/hero_shape_4.png]
[html.themeholy.com/webteck/demo/assets/img/hero/hero_img_12_1.jpg]
[html.themeholy.com/webteck/demo/assets/img/hero/hero_shape_4.1.png]
[html.themeholy.com/webteck/demo/assets/img/shape/shape_4.png]
[html.themeholy.com/webteck/demo/assets/img/shape/shape_5.png]
[html.themeholy.com/webteck/demo/assets/img/shape/shape_6.png]
[html.themeholy.com/webteck/demo/assets/img/icon/service_5_1.svg]
[html.themeholy.com/webteck/demo/assets/img/icon/service_5_2.svg]
[html.themeholy.com/webteck/demo/assets/img/icon/service_5_3.svg]
[html.themeholy.com/webteck/demo/assets/img/icon/service_5_4.svg]
[html.themeholy.com/webteck/demo/assets/img/normal/about_14_1.jpg]
[html.themeholy.com/webteck/demo/assets/img/normal/about_14_2.jpg]
[html.themeholy.com/webteck/demo/assets/img/icon/check_2.svg]
[html.themeholy.com/webteck/demo/assets/img/project/project_9_1.jpg]
[html.themeholy.com/webteck/demo/assets/img/project/project_9_2.jpg]
[html.themeholy.com/webteck/demo/assets/img/project/project_9_3.jpg]
[html.themeholy.com/webteck/demo/assets/img/project/project_9_4.jpg]
[html.themeholy.com/webteck/demo/assets/img/project/project_9_5.jpg]
[html.themeholy.com/webteck/demo/assets/img/project/project_9_6.jpg]
[html.themeholy.com/webteck/demo/assets/img/bg/contact_bg_6.jpg]
[html.themeholy.com/webteck/demo/assets/img/normal/choose_3.jpg]
[html.themeholy.com/webteck/demo/assets/img/icon/choose_feature_1_1.svg]
[html.themeholy.com/webteck/demo/assets/img/icon/choose_feature_1_2.svg]
[html.themeholy.com/webteck/demo/assets/img/icon/choose_feature_1_3.svg]
[html.themeholy.com/webteck/demo/assets/img/team/team_5_1.png]
[html.themeholy.com/webteck/demo/assets/img/team/team_5_2.png]
[html.themeholy.com/webteck/demo/assets/img/team/team_5_3.png]
[html.themeholy.com/webteck/demo/assets/img/team/team_5_4.png]
[html.themeholy.com/webteck/demo/assets/img/bg/testi_bg_10.jpg]
[html.themeholy.com/webteck/demo/assets/img/testimonial/testi-img.png]
[html.themeholy.com/webteck/demo/assets/img/theme-img/title_shape_3_1.svg]
[html.themeholy.com/webteck/demo/assets/img/testimonial/testi_5_1.png]
[html.themeholy.com/webteck/demo/assets/img/testimonial/testi_5_2.png]
[html.themeholy.com/webteck/demo/assets/img/testimonial/testi_5_3.png]
[html.themeholy.com/webteck/demo/assets/img/testimonial/testi-shape.png]
[html.themeholy.com/webteck/demo/assets/img/shape/price_shape.png]
[html.themeholy.com/webteck/demo/assets/img/bg/blog_bg_9.jpg]
[html.themeholy.com/webteck/demo/assets/img/blog/blog_5_1.jpg]
[html.themeholy.com/webteck/demo/assets/img/blog/blog_5_2.jpg]
[html.themeholy.com/webteck/demo/home-it-agency.html]
[html.themeholy.com/webteck/demo/assets/img/hero/hero_bg_16_1.png]
[html.themeholy.com/webteck/demo/assets/img/hero/hero_img_16_1.png]
[html.themeholy.com/webteck/demo/assets/img/hero/hero17-shape1.png]
[html.themeholy.com/webteck/demo/assets/img/hero/hero17-shape2.png]
[html.themeholy.com/webteck/demo/assets/img/shape/hero-line.png]
[html.themeholy.com/webteck/demo/assets/img/hero/client-img-1-1.png]
[html.themeholy.com/webteck/demo/assets/img/hero/client-img-1-2.png]
[html.themeholy.com/webteck/demo/assets/img/hero/client-img-1-3.png]
[html.themeholy.com/webteck/demo/assets/img/hero/client-img-1-4.png]
[html.themeholy.com/webteck/demo/assets/img/hero/client-img-1-5.png]
[html.themeholy.com/webteck/demo/assets/img/hero/image-1.png]
[html.themeholy.com/webteck/demo/assets/img/normal/about_17_1.png]
[html.themeholy.com/webteck/demo/assets/img/shape/arrow2.png]
[html.themeholy.com/webteck/demo/assets/img/normal/about_17_2.png]
[html.themeholy.com/webteck/demo/assets/img/service/service_8_1.png]
[html.themeholy.com/webteck/demo/assets/img/service/service_8_2.png]
[html.themeholy.com/webteck/demo/assets/img/service/service_8_3.png]
[html.themeholy.com/webteck/demo/assets/img/team/team_6_1.png]
[html.themeholy.com/webteck/demo/assets/img/team/team_6_2.png]
[html.themeholy.com/webteck/demo/assets/img/team/team_6_3.png]
[html.themeholy.com/webteck/demo/assets/img/team/team_6_4.png]
[html.themeholy.com/webteck/demo/assets/img/bg/process_bg_4.png]
[html.themeholy.com/webteck/demo/assets/img/icon/process_2_1.svg]
[html.themeholy.com/webteck/demo/assets/img/icon/process_2_2.svg]
[html.themeholy.com/webteck/demo/assets/img/icon/process_2_3.svg]
[html.themeholy.com/webteck/demo/assets/img/icon/process_2_4.svg]
[html.themeholy.com/webteck/demo/assets/img/bg/process-shape.png]
[html.themeholy.com/webteck/demo/assets/img/icon/feature_2_1.svg]
[html.themeholy.com/webteck/demo/assets/img/icon/feature_2_3.svg]
[html.themeholy.com/webteck/demo/assets/img/icon/feature_2_2.svg]
[html.themeholy.com/webteck/demo/assets/img/icon/feature_2_4.svg]
[html.themeholy.com/webteck/demo/assets/img/normal/feature_8_1.png]
[html.themeholy.com/webteck/demo/assets/img/testimonial/testi_12_1.jpg]
[html.themeholy.com/webteck/demo/assets/img/testimonial/testi_12_2.jpg]
[html.themeholy.com/webteck/demo/assets/img/normal/software-logo.png]
[html.themeholy.com/webteck/demo/assets/img/bg/price_bg_4.png]
[html.themeholy.com/webteck/demo/assets/img/bg/cta_bg_10.jpg]
[html.themeholy.com/webteck/demo/assets/img/bg/footer_bg_14.png]
[html.themeholy.com/webteck/demo/home-crm.html]
[html.themeholy.com/webteck/demo/assets/img/logo-white3.svg]
[html.themeholy.com/webteck/demo/assets/img/hero/hero_bg_19_1.jpg]
[html.themeholy.com/webteck/demo/assets/img/hero/hero_overlay_19.png]
[html.themeholy.com/webteck/demo/assets/img/theme-img/title_shape_5.1.svg]
[html.themeholy.com/webteck/demo/assets/img/hero/hero_19_1.png]
[html.themeholy.com/webteck/demo/assets/img/hero/hero_19_2.png]
[html.themeholy.com/webteck/demo/assets/img/hero/hero_19_3.png]
[html.themeholy.com/webteck/demo/assets/img/normal/about_17_1.jpg]
[html.themeholy.com/webteck/demo/assets/img/theme-img/title_shape_5.svg]
[html.themeholy.com/webteck/demo/assets/img/icon/about_2_1.svg]
[html.themeholy.com/webteck/demo/assets/img/icon/about_2_3.svg]
[html.themeholy.com/webteck/demo/assets/img/icon/about_2_2.svg]
[html.themeholy.com/webteck/demo/assets/img/icon/about_2_4.svg]
[html.themeholy.com/webteck/demo/assets/img/bg/service_bg_18.jpg]
[html.themeholy.com/webteck/demo/assets/img/service/service_9_1.jpg]
[html.themeholy.com/webteck/demo/assets/img/service/service_9_2.jpg]
[html.themeholy.com/webteck/demo/assets/img/service/service_9_3.jpg]
[html.themeholy.com/webteck/demo/assets/img/icon/check_3.svg]
[html.themeholy.com/webteck/demo/assets/img/normal/feature-img-12-1.jpg]
[html.themeholy.com/webteck/demo/assets/img/normal/feature-img-12-2.jpg]
[html.themeholy.com/webteck/demo/assets/img/project/project_10_1.jpg]
[html.themeholy.com/webteck/demo/assets/img/project/project_10_2.jpg]
[html.themeholy.com/webteck/demo/assets/img/project/project_10_3.jpg]
[html.themeholy.com/webteck/demo/assets/img/project/project_10_4.jpg]
[html.themeholy.com/webteck/demo/assets/img/project/project_10_5.jpg]
[html.themeholy.com/webteck/demo/assets/img/testimonial/testi_16_1.jpg]
[html.themeholy.com/webteck/demo/assets/img/icon/quote4.svg]
[html.themeholy.com/webteck/demo/assets/img/testimonial/testi_16_2.jpg]
[html.themeholy.com/webteck/demo/assets/img/testimonial/testi_16_3.jpg]
[html.themeholy.com/webteck/demo/assets/img/testimonial/testi_16_4.jpg]
[html.themeholy.com/webteck/demo/assets/img/bg/appointment_bg_4.jpg]
[html.themeholy.com/webteck/demo/assets/img/normal/faq_10_1.png]
[html.themeholy.com/webteck/demo/assets/img/normal/faq10_shape.png]
[html.themeholy.com/webteck/demo/assets/img/blog/blog_12_3.jpg]
[html.themeholy.com/webteck/demo/assets/img/blog/blog_12_1.jpg]
[html.themeholy.com/webteck/demo/assets/img/bg/footer_bg_17.jpg]
[html.themeholy.com/webteck/demo/home-it-consulting.html]
[html.themeholy.com/webteck/demo/assets/img/logo-white4.svg]
[html.themeholy.com/webteck/demo/assets/img/bg/hero_bg_20_1.png]
[html.themeholy.com/webteck/demo/assets/img/hero/hero_img_21_1.png]
[html.themeholy.com/webteck/demo/assets/img/icon/feature_3_1.svg]
[html.themeholy.com/webteck/demo/assets/img/icon/feature_3_2.svg]
[html.themeholy.com/webteck/demo/assets/img/icon/feature_3_3.svg]
[html.themeholy.com/webteck/demo/assets/img/normal/about_20_1.jpg]
[html.themeholy.com/webteck/demo/assets/img/normal/about_20_2.jpg]
[html.themeholy.com/webteck/demo/assets/img/icon/about_1_1.svg]
[html.themeholy.com/webteck/demo/assets/img/icon/about_1_2.svg]
[html.themeholy.com/webteck/demo/assets/img/icon/about_1_3.svg]
[html.themeholy.com/webteck/demo/assets/img/service/service_11_1.jpg]
[html.themeholy.com/webteck/demo/assets/img/service/service_11_2.jpg]
[html.themeholy.com/webteck/demo/assets/img/service/service_11_3.jpg]
[html.themeholy.com/webteck/demo/assets/img/blog/blog_11_1.jpg]
[html.themeholy.com/webteck/demo/assets/img/blog/blog_11_2.jpg]
[html.themeholy.com/webteck/demo/assets/img/blog/blog_11_3.jpg]
[html.themeholy.com/webteck/demo/assets/img/bg/footer_bg_16.jpg]
[html.themeholy.com/webteck/demo/home-help-desk.html]
[html.themeholy.com/webteck/demo/home-digital-agency-op.html]
[html.themeholy.com/webteck/demo/home-web-development-op.html]
[html.themeholy.com/webteck/demo/home-software-company-op.html]
[html.themeholy.com/webteck/demo/home-software-company-2-op.html]
[html.themeholy.com/webteck/demo/home-startup-company-op.html]
[html.themeholy.com/webteck/demo/home-it-solution-op.html]
[html.themeholy.com/webteck/demo/home-web-agency-op.html]
[html.themeholy.com/webteck/demo/home-startup-op.html]
[html.themeholy.com/webteck/demo/home-game-solution-op.html]
[html.themeholy.com/webteck/demo/home-sass-marketing-op.html]
[html.themeholy.com/webteck/demo/home-sass-landing-op.html]
[html.themeholy.com/webteck/demo/home-sass-landing-2-op.html]
[html.themeholy.com/webteck/demo/home-app-landing-op.html]
[html.themeholy.com/webteck/demo/home-ai-technology-op.html]
[html.themeholy.com/webteck/demo/home-cyber-security-op.html]
[html.themeholy.com/webteck/demo/home-cyber-security-2-op.html]
[html.themeholy.com/webteck/demo/home-it-company-op.html]
[html.themeholy.com/webteck/demo/home-digital-marking-op.html]
[html.themeholy.com/webteck/demo/home-it-agency-op.html]
[html.themeholy.com/webteck/demo/home-crm-op.html]
[html.themeholy.com/webteck/demo/home-it-consulting-op.html]
[html.themeholy.com/webteck/demo/home-help-desk-op.html]
[html.themeholy.com/webteck/demo/about.html]
[html.themeholy.com/webteck/demo/assets/img/icon/service_card_7.svg]
[html.themeholy.com/webteck/demo/assets/img/icon/service_card_8.svg]
[html.themeholy.com/webteck/demo/assets/img/icon/service_card_9.svg]
[html.themeholy.com/webteck/demo/service.html]
[html.themeholy.com/webteck/demo/assets/img/service/service_details.jpg]
[html.themeholy.com/webteck/demo/assets/img/service/service_inner_1.jpg]
[html.themeholy.com/webteck/demo/assets/img/icon/service_feature_1.svg]
[html.themeholy.com/webteck/demo/assets/img/icon/service_feature_2.svg]
[html.themeholy.com/webteck/demo/assets/img/bg/widget_banner.jpg]
[html.themeholy.com/webteck/demo/service-details.html]
[html.themeholy.com/webteck/demo/assets/img/product/product_details_1_1.jpg]
[html.themeholy.com/webteck/demo/assets/img/product/product_1_1.jpg]
[html.themeholy.com/webteck/demo/assets/img/product/product_1_2.jpg]
[html.themeholy.com/webteck/demo/assets/img/product/product_1_3.jpg]
[html.themeholy.com/webteck/demo/assets/img/product/product_1_4.jpg]
[html.themeholy.com/webteck/demo/assets/img/product/product_1_5.jpg]
[html.themeholy.com/webteck/demo/assets/img/product/product_1_6.jpg]
[html.themeholy.com/webteck/demo/assets/img/product/product_1_7.jpg]
[html.themeholy.com/webteck/demo/assets/img/product/product_1_8.jpg]
[html.themeholy.com/webteck/demo/assets/img/product/product_1_9.jpg]
[html.themeholy.com/webteck/demo/shop.html]
[html.themeholy.com/webteck/demo/assets/img/blog/comment-author-1.jpg]
[html.themeholy.com/webteck/demo/assets/img/blog/comment-author-2.jpg]
[html.themeholy.com/webteck/demo/assets/img/blog/comment-author-3.jpg]
[html.themeholy.com/webteck/demo/shop-details.html]
[html.themeholy.com/webteck/demo/wishlist.html]
[html.themeholy.com/webteck/demo/assets/img/team/team_featured.jpg]
[html.themeholy.com/webteck/demo/team.html]
[html.themeholy.com/webteck/demo/assets/img/team/team_details.jpg]
[html.themeholy.com/webteck/demo/team-details.html]
[html.themeholy.com/webteck/demo/project.html]
[html.themeholy.com/webteck/demo/assets/img/project/project_details.jpg]
[html.themeholy.com/webteck/demo/assets/img/project/project_inner_1.jpg]
[html.themeholy.com/webteck/demo/assets/img/project/project_inner_2.jpg]
[html.themeholy.com/webteck/demo/assets/img/project/project_inner_3.jpg]
[html.themeholy.com/webteck/demo/project-details.html]
[html.themeholy.com/webteck/demo/assets/img/gallery/gallery_1_1.jpg]
[html.themeholy.com/webteck/demo/assets/img/gallery/gallery_1_2.jpg]
[html.themeholy.com/webteck/demo/assets/img/gallery/gallery_1_3.jpg]
[html.themeholy.com/webteck/demo/assets/img/gallery/gallery_1_4.jpg]
[html.themeholy.com/webteck/demo/assets/img/gallery/gallery_1_7.jpg]
[html.themeholy.com/webteck/demo/assets/img/gallery/gallery_1_5.jpg]
[html.themeholy.com/webteck/demo/assets/img/gallery/gallery_1_6.jpg]
[html.themeholy.com/webteck/demo/assets/img/gallery/gallery_1_8.jpg]
[html.themeholy.com/webteck/demo/assets/img/gallery/gallery_1_9.jpg]
[html.themeholy.com/webteck/demo/gallery.html]
[html.themeholy.com/webteck/demo/pricing.html]
[html.themeholy.com/webteck/demo/assets/img/bg/form_bg_1.jpg]
[html.themeholy.com/webteck/demo/faq.html]
[html.themeholy.com/webteck/demo/error.html]
[html.themeholy.com/webteck/demo/assets/img/theme-img/error.svg]
[html.themeholy.com/webteck/demo/assets/img/blog/blog-s-1-1.jpg]
[html.themeholy.com/webteck/demo/assets/img/blog/blog-s-1-2.jpg]
[html.themeholy.com/webteck/demo/assets/img/blog/blog-s-1-4.jpg]
[html.themeholy.com/webteck/demo/assets/img/blog/blog-s-1-3.jpg]
[html.themeholy.com/webteck/demo/assets/img/blog/recent-post-1-1.jpg]
[html.themeholy.com/webteck/demo/assets/img/blog/recent-post-1-2.jpg]
[html.themeholy.com/webteck/demo/assets/img/blog/recent-post-1-3.jpg]
[html.themeholy.com/webteck/demo/assets/img/widget/gallery_1_1.jpg]
[html.themeholy.com/webteck/demo/assets/img/widget/gallery_1_2.jpg]
[html.themeholy.com/webteck/demo/assets/img/widget/gallery_1_3.jpg]
[html.themeholy.com/webteck/demo/assets/img/widget/gallery_1_4.jpg]
[html.themeholy.com/webteck/demo/assets/img/widget/gallery_1_5.jpg]
[html.themeholy.com/webteck/demo/assets/img/widget/gallery_1_6.jpg]
[html.themeholy.com/webteck/demo/blog.html]
[html.themeholy.com/webteck/demo/assets/img/blog/blog_inner_1.jpg]
[html.themeholy.com/webteck/demo/assets/img/blog/blog_inner_2.jpg]
[html.themeholy.com/webteck/demo/blog-details.html]
[html.themeholy.com/webteck/demo/contact.html]
[html.themeholy.com/webteck/demo/assets/img/hero/hero_shape_1_1.svg]
[html.themeholy.com/webteck/demo/assets/img/hero/hero_shape_1_2.svg]
[html.themeholy.com/webteck/demo/assets/img/hero/hero_shape_1_3.svg]
[html.themeholy.com/webteck/demo/assets/img/bg/process_line_2.svg]
[html.themeholy.com/webteck/demo/assets/img/logo-small.svg]
[html.themeholy.com/webteck/demo/assets/img/theme-img/logo_bg.svg]
[html.themeholy.com/webteck/demo/assets/img/logo-white.svg]
[html.themeholy.com/webteck/demo/assets/img/shape/footer_shape_2.svg]
[html.themeholy.com/webteck/demo/assets/img/theme-img/title_shape_2.svg]
[html.themeholy.com/webteck/demo/assets/img/icon/service_card_1.svg]
[html.themeholy.com/webteck/demo/assets/img/icon/service_card_2.svg]
[html.themeholy.com/webteck/demo/assets/img/icon/service_card_3.svg]
[html.themeholy.com/webteck/demo/assets/img/icon/service_card_4.svg]
[html.themeholy.com/webteck/demo/assets/img/icon/service_card_5.svg]
[html.themeholy.com/webteck/demo/assets/img/icon/counter_1_1.svg]
[html.themeholy.com/webteck/demo/assets/img/icon/counter_1_2.svg]
[html.themeholy.com/webteck/demo/assets/img/icon/counter_1_3.svg]
[html.themeholy.com/webteck/demo/assets/img/icon/counter_1_4.svg]
[html.themeholy.com/webteck/demo/assets/img/bg/process_line.svg]
[html.themeholy.com/webteck/demo/assets/img/icon/process_card_1.svg]
[html.themeholy.com/webteck/demo/assets/img/icon/process_card_2.svg]
[html.themeholy.com/webteck/demo/assets/img/icon/process_card_3.svg]
[html.themeholy.com/webteck/demo/assets/img/icon/process_card_4.svg]
[html.themeholy.com/webteck/demo/assets/img/icon/quote_left_3.svg]
[html.themeholy.com/webteck/demo/assets/img/icon/call_1.svg]
[html.themeholy.com/webteck/demo/assets/img/icon/service_box_1.svg]
[html.themeholy.com/webteck/demo/assets/img/icon/service_box_2.svg]
[html.themeholy.com/webteck/demo/assets/img/icon/service_box_3.svg]
[html.themeholy.com/webteck/demo/assets/img/icon/service_box_4.svg]
[html.themeholy.com/webteck/demo/assets/img/icon/service_box_5.svg]
[html.themeholy.com/webteck/demo/assets/img/icon/quote_left_2.svg]
[html.themeholy.com/webteck/demo/assets/img/logo-white2.svg]
[html.themeholy.com/webteck/demo/assets/img/brand/brand_3_1.svg]
[html.themeholy.com/webteck/demo/assets/img/brand/brand_3_2.svg]
[html.themeholy.com/webteck/demo/assets/img/brand/brand_3_3.svg]
[html.themeholy.com/webteck/demo/assets/img/brand/brand_3_4.svg]
[html.themeholy.com/webteck/demo/assets/img/brand/brand_3_5.svg]
[html.themeholy.com/webteck/demo/assets/img/brand/brand_3_6.svg]
[html.themeholy.com/webteck/demo/assets/img/icon/call.svg]
[html.themeholy.com/webteck/demo/assets/img/icon/quote3.svg]
[html.themeholy.com/webteck/demo/assets/img/icon/service_featured_1.svg]
[html.themeholy.com/webteck/demo/assets/img/icon/service_featured_2.svg]
[html.themeholy.com/webteck/demo/assets/img/icon/service_featured_3.svg]
[html.themeholy.com/webteck/demo/assets/img/icon/service_featured_4.svg]
[html.themeholy.com/webteck/demo/assets/img/theme-img/title_shape_1.svg]
[html.themeholy.com/webteck/demo/assets/img/icon/about_feature_1_1.svg]
[html.themeholy.com/webteck/demo/assets/img/icon/about_feature_1_2.svg]
[html.themeholy.com/webteck/demo/assets/img/icon/service_card_6.svg]
[html.themeholy.com/webteck/demo/assets/img/icon/quote_left.svg]
[html.themeholy.com/webteck/demo/assets/img/icon/counter_card_4_1.svg]
[html.themeholy.com/webteck/demo/assets/img/icon/counter_card_4_2.svg]
[html.themeholy.com/webteck/demo/assets/img/icon/counter_card_4_3.svg]
[html.themeholy.com/webteck/demo/assets/img/icon/service_6_1.svg]
[html.themeholy.com/webteck/demo/assets/img/icon/service_6_2.svg]
[html.themeholy.com/webteck/demo/assets/img/icon/service_6_3.svg]
[html.themeholy.com/webteck/demo/assets/img/icon/service_6_4.svg]
[html.themeholy.com/webteck/demo/assets/img/icon/call_2.svg]
[html.themeholy.com/webteck/demo/assets/img/icon/feature_box_1.svg]
[html.themeholy.com/webteck/demo/assets/img/icon/feature_box_2.svg]
[html.themeholy.com/webteck/demo/assets/img/icon/feature_box_3.svg]
[html.themeholy.com/webteck/demo/assets/img/icon/service_grid_1.svg]
[html.themeholy.com/webteck/demo/assets/img/icon/service_grid_2.svg]
[html.themeholy.com/webteck/demo/assets/img/icon/service_grid_3.svg]
[html.themeholy.com/webteck/demo/assets/img/icon/service_grid_4.svg]
[html.themeholy.com/webteck/demo/assets/img/icon/quote.svg]
[html.themeholy.com/webteck/demo/assets/img/brand/brand_8_1.svg]
[html.themeholy.com/webteck/demo/assets/img/brand/brand_8_2.svg]
[html.themeholy.com/webteck/demo/assets/img/brand/brand_8_3.svg]
[html.themeholy.com/webteck/demo/assets/img/brand/brand_8_4.svg]
[html.themeholy.com/webteck/demo/assets/img/brand/brand_8_5.svg]
[html.themeholy.com/webteck/demo/assets/img/icon/service_8_1.svg]
[html.themeholy.com/webteck/demo/assets/img/icon/service_8_2.svg]
[html.themeholy.com/webteck/demo/assets/img/icon/service_8_3.svg]
[html.themeholy.com/webteck/demo/assets/img/icon/service_8_4.svg]
[html.themeholy.com/webteck/demo/assets/img/icon/service_11_1.svg]
[html.themeholy.com/webteck/demo/assets/img/icon/service_11_2.svg]
[html.themeholy.com/webteck/demo/assets/img/icon/service_11_3.svg]
[html.themeholy.com/webteck/demo/assets/img/icon/quote6.svg]
[html.themeholy.com/webteck/demo/assets/img/theme-img/title_shape_4.svg]
[html.themeholy.com/webteck/demo/assets/img/icon/service_7_1.svg]
[html.themeholy.com/webteck/demo/assets/img/icon/service_7_2.svg]
[html.themeholy.com/webteck/demo/assets/img/icon/service_7_3.svg]
[html.themeholy.com/webteck/demo/assets/img/icon/about_feature_2_1.svg]
[html.themeholy.com/webteck/demo/assets/img/icon/about_feature_2_2.svg]
[html.themeholy.com/webteck/demo/assets/img/theme-img/title_shape_4.1.svg]
[html.themeholy.com/webteck/demo/assets/img/icon/process_1_1.svg]
[html.themeholy.com/webteck/demo/assets/img/icon/process_1_2.svg]
[html.themeholy.com/webteck/demo/assets/img/icon/process_1_3.svg]
[html.themeholy.com/webteck/demo/assets/img/icon/process_1_4.svg]
[html.themeholy.com/webteck/demo/assets/img/icon/feature_1_1.svg]
[html.themeholy.com/webteck/demo/assets/img/icon/feature_1_2.svg]
[html.themeholy.com/webteck/demo/assets/img/icon/feature_1_3.svg]
[html.themeholy.com/webteck/demo/assets/img/icon/feature_1_4.svg]
[html.themeholy.com/webteck/demo/assets/img/bg/process_line_3.svg]
[html.themeholy.com/webteck/demo/assets/img/icon/process_box_3_1.svg]
[html.themeholy.com/webteck/demo/assets/img/icon/process_box_3_2.svg]
[html.themeholy.com/webteck/demo/assets/img/icon/process_box_3_3.svg]
[html.themeholy.com/webteck/demo/assets/img/bg/feature_line.svg]
[html.themeholy.com/webteck/demo/assets/img/icon/pricing_card_7_1.svg]
[html.themeholy.com/webteck/demo/assets/img/icon/pricing_card_7_2.svg]
[html.themeholy.com/webteck/demo/assets/img/icon/pricing_card_7_3.svg]
[html.themeholy.com/webteck/demo/assets/img/brand/brand_7_1.svg]
[html.themeholy.com/webteck/demo/assets/img/brand/brand_7_2.svg]
[html.themeholy.com/webteck/demo/assets/img/brand/brand_7_3.svg]
[html.themeholy.com/webteck/demo/assets/img/brand/brand_7_4.svg]
[html.themeholy.com/webteck/demo/assets/img/brand/brand_7_5.svg]
[html.themeholy.com/webteck/demo/assets/img/brand/brand_7_6.svg]
[html.themeholy.com/webteck/demo/assets/img/icon/service_1_1.svg]
[html.themeholy.com/webteck/demo/assets/img/icon/service_1_2.svg]
[html.themeholy.com/webteck/demo/assets/img/icon/service_1_3.svg]
[html.themeholy.com/webteck/demo/assets/img/icon/pricing_card_8_1.svg]
[html.themeholy.com/webteck/demo/assets/img/icon/pricing_card_8_2.svg]
[html.themeholy.com/webteck/demo/assets/img/icon/pricing_card_8_3.svg]
[html.themeholy.com/webteck/demo/assets/img/icon/feature_card_8_1.svg]
[html.themeholy.com/webteck/demo/service-details,html.html]
[html.themeholy.com/webteck/demo/assets/img/icon/feature_card_8_2.svg]
[html.themeholy.com/webteck/demo/assets/img/icon/feature_card_8_3.svg]
[html.themeholy.com/webteck/demo/assets/img/icon/feature_card_8_4.svg]
[html.themeholy.com/webteck/demo/assets/img/icon/why-8-1.svg]
[html.themeholy.com/webteck/demo/assets/img/icon/why-8-2.svg]
[html.themeholy.com/webteck/demo/assets/img/icon/why-8-3.svg]
[html.themeholy.com/webteck/demo/assets/img/icon/why-8-4.svg]
[html.themeholy.com/webteck/demo/assets/img/icon/service_2_1.svg]
[html.themeholy.com/webteck/demo/assets/img/icon/service_2_2.svg]
[html.themeholy.com/webteck/demo/assets/img/icon/service_2_3.svg]
[html.themeholy.com/webteck/demo/assets/img/icon/service_2_4.svg]
[html.themeholy.com/webteck/demo/assets/img/icon/ser-shape.svg]
[html.themeholy.com/webteck/demo/assets/img/icon/star.svg]
[html.themeholy.com/webteck/demo/assets/img/icon/1.svg]
[html.themeholy.com/webteck/demo/assets/img/icon/2.svg]
[html.themeholy.com/webteck/demo/assets/img/icon/3.svg]
[html.themeholy.com/webteck/demo/assets/img/icon/4.svg]
[html.themeholy.com/webteck/demo/assets/img/icon/5.svg]
[html.themeholy.com/webteck/demo/assets/img/icon/6.svg]
[html.themeholy.com/webteck/demo/assets/img/icon/7.svg]
[html.themeholy.com/webteck/demo/assets/img/icon/star2.svg]
[html.themeholy.com/webteck/demo/assets/img/icon/quote2.svg]
[html.themeholy.com/webteck/demo/assets/img/brand/brand_4_1.svg]
[html.themeholy.com/webteck/demo/assets/img/brand/brand_4_2.svg]
[html.themeholy.com/webteck/demo/assets/img/brand/brand_4_3.svg]
[html.themeholy.com/webteck/demo/assets/img/brand/brand_4_4.svg]
[html.themeholy.com/webteck/demo/assets/img/brand/brand_4_5.svg]
[html.themeholy.com/webteck/demo/assets/img/brand/brand_4_6.svg]
[html.themeholy.com/webteck/demo/assets/img/icon/feature_box_1_1.svg]
[html.themeholy.com/webteck/demo/assets/img/icon/feature_box_1_2.svg]
[html.themeholy.com/webteck/demo/assets/img/icon/feature_box_1_3.svg]
[html.themeholy.com/webteck/demo/assets/img/icon/service_3_1.svg]
[html.themeholy.com/webteck/demo/assets/img/icon/service_3_2.svg]
[html.themeholy.com/webteck/demo/assets/img/icon/service_3_3.svg]
[html.themeholy.com/webteck/demo/assets/img/icon/service_3_4.svg]
[html.themeholy.com/webteck/demo/assets/img/icon/service_3_5.svg]
[html.themeholy.com/webteck/demo/assets/img/icon/service_3_6.svg]
[html.themeholy.com/webteck/demo/assets/img/icon/service_3_7.svg]
[html.themeholy.com/webteck/demo/assets/img/icon/service_3_8.svg]
[html.themeholy.com/webteck/demo/assets/img/icon/service_10_1.svg]
[html.themeholy.com/webteck/demo/assets/img/icon/service_10_2.svg]
[html.themeholy.com/webteck/demo/assets/img/icon/service_10_3.svg]
[html.themeholy.com/webteck/demo/assets/img/icon/check_5.svg]
[html.themeholy.com/webteck/demo/assets/img/icon/feature_4_1.svg]
[html.themeholy.com/webteck/demo/assets/img/icon/feature_4_2.svg]
[html.themeholy.com/webteck/demo/assets/img/icon/feature_4_3.svg]
[html.themeholy.com/webteck/demo/assets/img/icon/service_4_1.svg]
[html.themeholy.com/webteck/demo/assets/img/icon/service_4_2.svg]
[html.themeholy.com/webteck/demo/assets/img/icon/service_4_3.svg]
[html.themeholy.com/webteck/demo/assets/img/icon/service_4_4.svg]
[html.themeholy.com/webteck/demo/assets/img/icon/service_4_5.svg]
[html.themeholy.com/webteck/demo/assets/img/icon/check_4.svg]
[html.themeholy.com/webteck/demo/assets/img/icon/service_9_1.svg]
[html.themeholy.com/webteck/demo/assets/img/icon/service_9_2.svg]
[html.themeholy.com/webteck/demo/assets/img/icon/service_9_3.svg]
[html.themeholy.com/webteck/demo/assets/img/icon/service_9_4.svg]
[html.themeholy.com/webteck/demo/assets/img/icon/choose_feature_2_1.svg]
[html.themeholy.com/webteck/demo/assets/img/icon/choose_feature_2_2.svg]
[html.themeholy.com/webteck/demo/assets/img/icon/choose_feature_2_3.svg]
[html.themeholy.com/webteck/demo/assets/img/icon/quote5.svg]
[html.themeholy.com/webteck/demo/assets/img/theme-img/title_shape_3.svg]
[html.themeholy.com/webteck/demo/assets/img/icon/service_5_1.svg]
[html.themeholy.com/webteck/demo/assets/img/icon/service_5_2.svg]
[html.themeholy.com/webteck/demo/assets/img/icon/service_5_3.svg]
[html.themeholy.com/webteck/demo/assets/img/icon/service_5_4.svg]
[html.themeholy.com/webteck/demo/assets/img/icon/check_2.svg]
[html.themeholy.com/webteck/demo/assets/img/icon/choose_feature_1_1.svg]
[html.themeholy.com/webteck/demo/assets/img/icon/choose_feature_1_2.svg]
[html.themeholy.com/webteck/demo/assets/img/icon/choose_feature_1_3.svg]
[html.themeholy.com/webteck/demo/assets/img/theme-img/title_shape_3_1.svg]
[html.themeholy.com/webteck/demo/assets/img/icon/process_2_1.svg]
[html.themeholy.com/webteck/demo/assets/img/icon/process_2_2.svg]
[html.themeholy.com/webteck/demo/assets/img/icon/process_2_3.svg]
[html.themeholy.com/webteck/demo/assets/img/icon/process_2_4.svg]
[html.themeholy.com/webteck/demo/assets/img/icon/feature_2_1.svg]
[html.themeholy.com/webteck/demo/assets/img/icon/feature_2_3.svg]
[html.themeholy.com/webteck/demo/assets/img/icon/feature_2_2.svg]
[html.themeholy.com/webteck/demo/assets/img/icon/feature_2_4.svg]
[html.themeholy.com/webteck/demo/assets/img/logo-white3.svg]
[html.themeholy.com/webteck/demo/assets/img/theme-img/title_shape_5.1.svg]
[html.themeholy.com/webteck/demo/assets/img/theme-img/title_shape_5.svg]
[html.themeholy.com/webteck/demo/assets/img/icon/about_2_1.svg]
[html.themeholy.com/webteck/demo/assets/img/icon/about_2_3.svg]
[html.themeholy.com/webteck/demo/assets/img/icon/about_2_2.svg]
[html.themeholy.com/webteck/demo/assets/img/icon/about_2_4.svg]
[html.themeholy.com/webteck/demo/assets/img/icon/check_3.svg]
[html.themeholy.com/webteck/demo/assets/img/icon/quote4.svg]
[html.themeholy.com/webteck/demo/assets/img/logo-white4.svg]
[html.themeholy.com/webteck/demo/assets/img/icon/feature_3_1.svg]
[html.themeholy.com/webteck/demo/assets/img/icon/feature_3_2.svg]
[html.themeholy.com/webteck/demo/assets/img/icon/feature_3_3.svg]
[html.themeholy.com/webteck/demo/assets/img/icon/about_1_1.svg]
[html.themeholy.com/webteck/demo/assets/img/icon/about_1_2.svg]
[html.themeholy.com/webteck/demo/assets/img/icon/about_1_3.svg]
[html.themeholy.com/webteck/demo/assets/img/icon/service_card_7.svg]
[html.themeholy.com/webteck/demo/assets/img/icon/service_card_8.svg]
[html.themeholy.com/webteck/demo/assets/img/icon/service_card_9.svg]
[html.themeholy.com/webteck/demo/assets/img/icon/service_feature_1.svg]
[html.themeholy.com/webteck/demo/assets/img/icon/service_feature_2.svg]
[html.themeholy.com/webteck/demo/assets/img/theme-img/error.svg]
